Archive member included to satisfy reference by file (symbol)

/Users/kevin/Desktop/SJSU-Dev-master/tools/gcc-arm-none-eabi-6-2017-q2-update/bin/../lib/gcc/arm-none-eabi/6.3.1/../../../../arm-none-eabi/lib/thumb/v7-m/libstdc++_nano.a(class_type_info.o)
                              obj//Users/kevin/Desktop/SJSU-Dev-master/firmware/lib/L2_Drivers/base/char_dev.o (vtable for __cxxabiv1::__class_type_info)
/Users/kevin/Desktop/SJSU-Dev-master/tools/gcc-arm-none-eabi-6-2017-q2-update/bin/../lib/gcc/arm-none-eabi/6.3.1/../../../../arm-none-eabi/lib/thumb/v7-m/libstdc++_nano.a(del_ops.o)
                              obj//Users/kevin/Desktop/SJSU-Dev-master/firmware/lib/L2_Drivers/base/char_dev.o (operator delete(void*, unsigned int))
/Users/kevin/Desktop/SJSU-Dev-master/tools/gcc-arm-none-eabi-6-2017-q2-update/bin/../lib/gcc/arm-none-eabi/6.3.1/../../../../arm-none-eabi/lib/thumb/v7-m/libstdc++_nano.a(guard.o)
                              obj//Users/kevin/Desktop/SJSU-Dev-master/firmware/lib/L5_HighLevel/source/cmd_handlers/handlers.o (__cxa_guard_acquire)
/Users/kevin/Desktop/SJSU-Dev-master/tools/gcc-arm-none-eabi-6-2017-q2-update/bin/../lib/gcc/arm-none-eabi/6.3.1/../../../../arm-none-eabi/lib/thumb/v7-m/libstdc++_nano.a(pure.o)
                              obj//Users/kevin/Desktop/SJSU-Dev-master/firmware/lib/L2_Drivers/base/char_dev.o (__cxa_pure_virtual)
/Users/kevin/Desktop/SJSU-Dev-master/tools/gcc-arm-none-eabi-6-2017-q2-update/bin/../lib/gcc/arm-none-eabi/6.3.1/../../../../arm-none-eabi/lib/thumb/v7-m/libstdc++_nano.a(si_class_type_info.o)
                              obj//Users/kevin/Desktop/SJSU-Dev-master/firmware/lib/L2_Drivers/base/uart_dev.o (vtable for __cxxabiv1::__si_class_type_info)
/Users/kevin/Desktop/SJSU-Dev-master/tools/gcc-arm-none-eabi-6-2017-q2-update/bin/../lib/gcc/arm-none-eabi/6.3.1/../../../../arm-none-eabi/lib/thumb/v7-m/libstdc++_nano.a(tinfo.o)
                              /Users/kevin/Desktop/SJSU-Dev-master/tools/gcc-arm-none-eabi-6-2017-q2-update/bin/../lib/gcc/arm-none-eabi/6.3.1/../../../../arm-none-eabi/lib/thumb/v7-m/libstdc++_nano.a(class_type_info.o) (std::type_info::~type_info())
/Users/kevin/Desktop/SJSU-Dev-master/tools/gcc-arm-none-eabi-6-2017-q2-update/bin/../lib/gcc/arm-none-eabi/6.3.1/../../../../arm-none-eabi/lib/thumb/v7-m/libstdc++_nano.a(vmi_class_type_info.o)
                              obj//Users/kevin/Desktop/SJSU-Dev-master/firmware/lib/L2_Drivers/src/nrf_stream.o (vtable for __cxxabiv1::__vmi_class_type_info)
/Users/kevin/Desktop/SJSU-Dev-master/tools/gcc-arm-none-eabi-6-2017-q2-update/bin/../lib/gcc/arm-none-eabi/6.3.1/../../../../arm-none-eabi/lib/thumb/v7-m/libstdc++_nano.a(eh_terminate.o)
                              /Users/kevin/Desktop/SJSU-Dev-master/tools/gcc-arm-none-eabi-6-2017-q2-update/bin/../lib/gcc/arm-none-eabi/6.3.1/../../../../arm-none-eabi/lib/thumb/v7-m/libstdc++_nano.a(pure.o) (std::terminate())
/Users/kevin/Desktop/SJSU-Dev-master/tools/gcc-arm-none-eabi-6-2017-q2-update/bin/../lib/gcc/arm-none-eabi/6.3.1/../../../../arm-none-eabi/lib/thumb/v7-m/libstdc++_nano.a(eh_unex_handler.o)
                              /Users/kevin/Desktop/SJSU-Dev-master/tools/gcc-arm-none-eabi-6-2017-q2-update/bin/../lib/gcc/arm-none-eabi/6.3.1/../../../../arm-none-eabi/lib/thumb/v7-m/libstdc++_nano.a(eh_terminate.o) (__cxxabiv1::__unexpected_handler)
/Users/kevin/Desktop/SJSU-Dev-master/tools/gcc-arm-none-eabi-6-2017-q2-update/bin/../lib/gcc/arm-none-eabi/6.3.1/../../../../arm-none-eabi/lib/thumb/v7-m/libstdc++_nano.a(eh_term_handler.o)
                              /Users/kevin/Desktop/SJSU-Dev-master/tools/gcc-arm-none-eabi-6-2017-q2-update/bin/../lib/gcc/arm-none-eabi/6.3.1/../../../../arm-none-eabi/lib/thumb/v7-m/libstdc++_nano.a(eh_terminate.o) (__cxxabiv1::__terminate_handler)
/Users/kevin/Desktop/SJSU-Dev-master/tools/gcc-arm-none-eabi-6-2017-q2-update/bin/../lib/gcc/arm-none-eabi/6.3.1/thumb/v7-m/libgcc.a(_ashldi3.o)
                              obj//Users/kevin/Desktop/SJSU-Dev-master/firmware/lib/L0_LowLevel/source/lpc_peripherals.o (__aeabi_llsl)
/Users/kevin/Desktop/SJSU-Dev-master/tools/gcc-arm-none-eabi-6-2017-q2-update/bin/../lib/gcc/arm-none-eabi/6.3.1/thumb/v7-m/libgcc.a(_arm_addsubdf3.o)
                              obj//Users/kevin/Desktop/SJSU-Dev-master/firmware/lib/L0_LowLevel/source/uart0_min.o (__aeabi_dadd)
/Users/kevin/Desktop/SJSU-Dev-master/tools/gcc-arm-none-eabi-6-2017-q2-update/bin/../lib/gcc/arm-none-eabi/6.3.1/thumb/v7-m/libgcc.a(_arm_muldivdf3.o)
                              obj/L5_Application/adcDriver.o (__aeabi_dmul)
/Users/kevin/Desktop/SJSU-Dev-master/tools/gcc-arm-none-eabi-6-2017-q2-update/bin/../lib/gcc/arm-none-eabi/6.3.1/thumb/v7-m/libgcc.a(_arm_fixunsdfsi.o)
                              obj//Users/kevin/Desktop/SJSU-Dev-master/firmware/lib/L0_LowLevel/source/uart0_min.o (__aeabi_d2uiz)
[...]
Memory Configuration

Name             Origin             Length             Attributes
FLASH            0x0000000000010000 0x0000000000070000 xr
SRAM             0x0000000010000000 0x0000000000008000 xrw
SRAM_AHB         0x000000002007c000 0x0000000000008000 xrw
*default*        0x0000000000000000 0xffffffffffffffff

Linker script and memory map

LOAD bin/firmware.sym.o
LOAD obj//Users/kevin/Desktop/SJSU-Dev-master/firmware/lib/L0_LowLevel/source/core_cm3.o
LOAD obj//Users/kevin/Desktop/SJSU-Dev-master/firmware/lib/L0_LowLevel/source/low_level_init.o
LOAD obj//Users/kevin/Desktop/SJSU-Dev-master/firmware/lib/L0_LowLevel/source/lpc_peripherals.o
LOAD obj//Users/kevin/Desktop/SJSU-Dev-master/firmware/lib/L0_LowLevel/source/lpc_sys.o
LOAD obj//Users/kevin/Desktop/SJSU-Dev-master/firmware/lib/L0_LowLevel/source/startup.o
LOAD obj//Users/kevin/Desktop/SJSU-Dev-master/firmware/lib/L0_LowLevel/source/sys_clock.o
LOAD obj//Users/kevin/Desktop/SJSU-Dev-master/firmware/lib/L0_LowLevel/source/uart0_min.o
LOAD obj//Users/kevin/Desktop/SJSU-Dev-master/firmware/lib/L1_FreeRTOS/hooks/hooks.o
LOAD obj//Users/kevin/Desktop/SJSU-Dev-master/firmware/lib/L1_FreeRTOS/MemMang/freertos_mem_man.o
LOAD obj//Users/kevin/Desktop/SJSU-Dev-master/firmware/lib/L1_FreeRTOS/portable/no_mpu/port.o
LOAD obj//Users/kevin/Desktop/SJSU-Dev-master/firmware/lib/L1_FreeRTOS/portable/run_time_stats.o
LOAD obj//Users/kevin/Desktop/SJSU-Dev-master/firmware/lib/L1_FreeRTOS/src/croutine.o
LOAD obj//Users/kevin/Desktop/SJSU-Dev-master/firmware/lib/L1_FreeRTOS/src/event_groups.o
LOAD obj//Users/kevin/Desktop/SJSU-Dev-master/firmware/lib/L1_FreeRTOS/src/list.o
LOAD obj//Users/kevin/Desktop/SJSU-Dev-master/firmware/lib/L1_FreeRTOS/src/queue.o
LOAD obj//Users/kevin/Desktop/SJSU-Dev-master/firmware/lib/L1_FreeRTOS/src/tasks.o
LOAD obj//Users/kevin/Desktop/SJSU-Dev-master/firmware/lib/L1_FreeRTOS/src/timers.o
LOAD obj//Users/kevin/Desktop/SJSU-Dev-master/firmware/lib/L1_FreeRTOS/trace/run_time_counter.o
LOAD obj//Users/kevin/Desktop/SJSU-Dev-master/firmware/lib/L1_FreeRTOS/trace/trcBase.o
LOAD obj//Users/kevin/Desktop/SJSU-Dev-master/firmware/lib/L1_FreeRTOS/trace/trcHardwarePort.o
LOAD obj//Users/kevin/Desktop/SJSU-Dev-master/firmware/lib/L1_FreeRTOS/trace/trcKernel.o
LOAD obj//Users/kevin/Desktop/SJSU-Dev-master/firmware/lib/L1_FreeRTOS/trace/trcKernelPort.o
LOAD obj//Users/kevin/Desktop/SJSU-Dev-master/firmware/lib/L1_FreeRTOS/trace/trcUser.o
LOAD obj//Users/kevin/Desktop/SJSU-Dev-master/firmware/lib/L2_Drivers/base/char_dev.o
LOAD obj//Users/kevin/Desktop/SJSU-Dev-master/firmware/lib/L2_Drivers/base/i2c_base.o
LOAD obj//Users/kevin/Desktop/SJSU-Dev-master/firmware/lib/L2_Drivers/base/uart_dev.o
LOAD obj//Users/kevin/Desktop/SJSU-Dev-master/firmware/lib/L2_Drivers/src/adc.o
LOAD obj//Users/kevin/Desktop/SJSU-Dev-master/firmware/lib/L2_Drivers/src/can.o
LOAD obj//Users/kevin/Desktop/SJSU-Dev-master/firmware/lib/L2_Drivers/src/eint.o
LOAD obj//Users/kevin/Desktop/SJSU-Dev-master/firmware/lib/L2_Drivers/src/i2c2.o
LOAD obj//Users/kevin/Desktop/SJSU-Dev-master/firmware/lib/L2_Drivers/src/lpc_pwm.o
LOAD obj//Users/kevin/Desktop/SJSU-Dev-master/firmware/lib/L2_Drivers/src/lpc_rit.o
LOAD obj//Users/kevin/Desktop/SJSU-Dev-master/firmware/lib/L2_Drivers/src/lpc_timers.o
LOAD obj//Users/kevin/Desktop/SJSU-Dev-master/firmware/lib/L2_Drivers/src/nrf_stream.o
LOAD obj//Users/kevin/Desktop/SJSU-Dev-master/firmware/lib/L2_Drivers/src/rtc.o
LOAD obj//Users/kevin/Desktop/SJSU-Dev-master/firmware/lib/L2_Drivers/src/spi_dma.o
LOAD obj//Users/kevin/Desktop/SJSU-Dev-master/firmware/lib/L2_Drivers/src/spi_sem.o
LOAD obj//Users/kevin/Desktop/SJSU-Dev-master/firmware/lib/L2_Drivers/src/uart0.o
LOAD obj//Users/kevin/Desktop/SJSU-Dev-master/firmware/lib/L2_Drivers/src/uart2.o
LOAD obj//Users/kevin/Desktop/SJSU-Dev-master/firmware/lib/L2_Drivers/src/uart3.o
LOAD obj//Users/kevin/Desktop/SJSU-Dev-master/firmware/lib/L3_Utils/src/c_list.o
LOAD obj//Users/kevin/Desktop/SJSU-Dev-master/firmware/lib/L3_Utils/src/command_handler.o
LOAD obj//Users/kevin/Desktop/SJSU-Dev-master/firmware/lib/L3_Utils/src/file_logger.o
LOAD obj//Users/kevin/Desktop/SJSU-Dev-master/firmware/lib/L3_Utils/src/freertos_timer.o
LOAD obj//Users/kevin/Desktop/SJSU-Dev-master/firmware/lib/L3_Utils/src/printf_lib.o
LOAD obj//Users/kevin/Desktop/SJSU-Dev-master/firmware/lib/L3_Utils/src/rtc_alarm.o
LOAD obj//Users/kevin/Desktop/SJSU-Dev-master/firmware/lib/L3_Utils/src/scheduler_task.o
LOAD obj//Users/kevin/Desktop/SJSU-Dev-master/firmware/lib/L3_Utils/src/str.o
LOAD obj//Users/kevin/Desktop/SJSU-Dev-master/firmware/lib/L3_Utils/src/utilities.o
LOAD obj//Users/kevin/Desktop/SJSU-Dev-master/firmware/lib/L3_Utils/tlm/src/c_tlm_binary.o
LOAD obj//Users/kevin/Desktop/SJSU-Dev-master/firmware/lib/L3_Utils/tlm/src/c_tlm_comp.o
LOAD obj//Users/kevin/Desktop/SJSU-Dev-master/firmware/lib/L3_Utils/tlm/src/c_tlm_stream.o
LOAD obj//Users/kevin/Desktop/SJSU-Dev-master/firmware/lib/L3_Utils/tlm/src/c_tlm_var.o
LOAD obj//Users/kevin/Desktop/SJSU-Dev-master/firmware/lib/L4_IO/fat/disk/diskio.o
LOAD obj//Users/kevin/Desktop/SJSU-Dev-master/firmware/lib/L4_IO/fat/disk/sd.o
LOAD obj//Users/kevin/Desktop/SJSU-Dev-master/firmware/lib/L4_IO/fat/disk/spi_flash.o
LOAD obj//Users/kevin/Desktop/SJSU-Dev-master/firmware/lib/L4_IO/fat/fatfs_time.o
LOAD obj//Users/kevin/Desktop/SJSU-Dev-master/firmware/lib/L4_IO/fat/ff.o
LOAD obj//Users/kevin/Desktop/SJSU-Dev-master/firmware/lib/L4_IO/fat/option/ccsbcs.o
LOAD obj//Users/kevin/Desktop/SJSU-Dev-master/firmware/lib/L4_IO/fat/option/reentrant.o
LOAD obj//Users/kevin/Desktop/SJSU-Dev-master/firmware/lib/L4_IO/src/gpio.o
LOAD obj//Users/kevin/Desktop/SJSU-Dev-master/firmware/lib/L4_IO/src/io_source.o
LOAD obj//Users/kevin/Desktop/SJSU-Dev-master/firmware/lib/L4_IO/src/storage.o
LOAD obj//Users/kevin/Desktop/SJSU-Dev-master/firmware/lib/L4_IO/wireless/src/mesh.o
LOAD obj//Users/kevin/Desktop/SJSU-Dev-master/firmware/lib/L4_IO/wireless/src/nrf24L01Plus.o
LOAD obj//Users/kevin/Desktop/SJSU-Dev-master/firmware/lib/L4_IO/wireless/src/wireless.o
LOAD obj//Users/kevin/Desktop/SJSU-Dev-master/firmware/lib/L5_HighLevel/examples/examples.o
LOAD obj//Users/kevin/Desktop/SJSU-Dev-master/firmware/lib/L5_HighLevel/examples/rn_xv_task.o
LOAD obj//Users/kevin/Desktop/SJSU-Dev-master/firmware/lib/L5_HighLevel/periodic_scheduler/prd_dispatcher.o
LOAD obj//Users/kevin/Desktop/SJSU-Dev-master/firmware/lib/L5_HighLevel/source/cmd_handlers/handlers.o
LOAD obj//Users/kevin/Desktop/SJSU-Dev-master/firmware/lib/L5_HighLevel/source/cmd_handlers/prog_handlers.o
LOAD obj//Users/kevin/Desktop/SJSU-Dev-master/firmware/lib/L5_HighLevel/source/cmd_handlers/wireless_handlers.o
LOAD obj//Users/kevin/Desktop/SJSU-Dev-master/firmware/lib/L5_HighLevel/source/high_level_init.o
LOAD obj//Users/kevin/Desktop/SJSU-Dev-master/firmware/lib/L5_HighLevel/source/remote.o
LOAD obj//Users/kevin/Desktop/SJSU-Dev-master/firmware/lib/L5_HighLevel/source/terminal.o
LOAD obj//Users/kevin/Desktop/SJSU-Dev-master/firmware/lib/newlib/malloc_lock.o
LOAD obj//Users/kevin/Desktop/SJSU-Dev-master/firmware/lib/newlib/memory.o
LOAD obj//Users/kevin/Desktop/SJSU-Dev-master/firmware/lib/newlib/newlib_syscalls.o
LOAD obj//Users/kevin/Desktop/SJSU-Dev-master/firmware/lib/newlib/newlib_time.o
LOAD obj/L5_Application/adcDriver.o
LOAD obj/L5_Application/LabGPIO_0.o
LOAD obj/L5_Application/LabGPIOInterrupts.o
LOAD obj/L5_Application/LabSPI.o
LOAD obj/L5_Application/LabUart.o
LOAD obj/L5_Application/lcdDriver.o
LOAD obj/L5_Application/main.o
LOAD obj/L5_Application/pwmDriver.o
LOAD obj/L5_Application/vs1053.o
LOAD /Users/kevin/Desktop/SJSU-Dev-master/tools/gcc-arm-none-eabi-6-2017-q2-update/bin/../lib/gcc/arm-none-eabi/6.3.1/../../../../arm-none-eabi/lib/thumb/v7-m/libstdc++_nano.a
LOAD /Users/kevin/Desktop/SJSU-Dev-master/tools/gcc-arm-none-eabi-6-2017-q2-update/bin/../lib/gcc/arm-none-eabi/6.3.1/../../../../arm-none-eabi/lib/thumb/v7-m/libm.a
START GROUP
LOAD /Users/kevin/Desktop/SJSU-Dev-master/tools/gcc-arm-none-eabi-6-2017-q2-update/bin/../lib/gcc/arm-none-eabi/6.3.1/thumb/v7-m/libgcc.a
LOAD /Users/kevin/Desktop/SJSU-Dev-master/tools/gcc-arm-none-eabi-6-2017-q2-update/bin/../lib/gcc/arm-none-eabi/6.3.1/../../../../arm-none-eabi/lib/thumb/v7-m/libc_nano.a
END GROUP
START GROUP
LOAD /Users/kevin/Desktop/SJSU-Dev-master/tools/gcc-arm-none-eabi-6-2017-q2-update/bin/../lib/gcc/arm-none-eabi/6.3.1/thumb/v7-m/libgcc.a
LOAD /Users/kevin/Desktop/SJSU-Dev-master/tools/gcc-arm-none-eabi-6-2017-q2-update/bin/../lib/gcc/arm-none-eabi/6.3.1/../../../../arm-none-eabi/lib/thumb/v7-m/libc_nano.a
END GROUP

.text           0x0000000000010000    0x1ce6c
 FILL mask 0xff
 *(.isr_vector)
 .isr_vector    0x0000000000010000       0xcc obj//Users/kevin/Desktop/SJSU-Dev-master/firmware/lib/L0_LowLevel/source/startup.o
                0x0000000000010000                g_pfnVectors
                0x00000000000100cc                . = ALIGN (0x4)
                0x00000000000100cc                __section_table_start = .
                0x00000000000100cc                __data_section_table = .
                0x00000000000100cc        0x4 LONG 0x2ce74 LOADADDR (.data)
                0x00000000000100d0        0x4 LONG 0x2007c000 ADDR (.data)
                0x00000000000100d4        0x4 LONG 0x2fc SIZEOF (.data)
                0x00000000000100d8                __data_section_table_end = .
                0x00000000000100d8                __bss_section_table = .
                0x00000000000100d8        0x4 LONG 0x2007c300 ADDR (.bss)
                0x00000000000100dc        0x4 LONG 0x808 SIZEOF (.bss)
                0x00000000000100e0                __bss_section_table_end = .
                0x00000000000100e0                __section_table_end = .
 *(.after_vectors*)
 .after_vectors
                0x00000000000100e0      0x120 obj//Users/kevin/Desktop/SJSU-Dev-master/firmware/lib/L0_LowLevel/source/startup.o
                0x00000000000100e0                isr_hard_fault
                0x00000000000100fa                isr_nmi
                0x0000000000010108                isr_mem_fault
                0x0000000000010118                isr_bus_fault
                0x0000000000010128                isr_usage_fault
                0x0000000000010138                isr_debug_mon
                0x0000000000010148                TIMER3_IRQHandler
                0x0000000000010148                PLL0_IRQHandler
                0x0000000000010148                PLL1_IRQHandler
                0x0000000000010148                SSP0_IRQHandler
                0x0000000000010148                CANAct_IRQHandler
                0x0000000000010148                I2S_IRQHandler
                0x0000000000010148                TIMER0_IRQHandler
                0x0000000000010148                SPI_IRQHandler
                0x0000000000010148                EINT1_IRQHandler
                0x0000000000010148                isr_default_handler
                0x0000000000010148                SSP1_IRQHandler
                0x0000000000010148                USB_IRQHandler
                0x0000000000010148                BOD_IRQHandler
                0x0000000000010148                TIMER2_IRQHandler
                0x0000000000010148                I2C0_IRQHandler
                0x0000000000010148                PWM1_IRQHandler
                0x0000000000010148                I2C1_IRQHandler
                0x0000000000010148                EINT2_IRQHandler
                0x0000000000010148                UART1_IRQHandler
                0x0000000000010148                DMA_IRQHandler
                0x0000000000010148                MCPWM_IRQHandler
                0x0000000000010148                ENET_IRQHandler
                0x0000000000010148                USBAct_IRQHandler
                0x0000000000010148                WDT_IRQHandler
                0x0000000000010148                QEI_IRQHandler
                0x0000000000010148                EINT0_IRQHandler
                0x0000000000010158                isr_sys_tick
                0x000000000001016a                data_init(unsigned int, unsigned int, unsigned int)
                0x0000000000010180                bss_init(unsigned int, unsigned int)
                0x0000000000010194                isr_reset
 *(.text*)
 .text.__set_PSP
                0x0000000000010200        0x6 obj//Users/kevin/Desktop/SJSU-Dev-master/firmware/lib/L0_LowLevel/source/core_cm3.o
                0x0000000000010200                __set_PSP
 .text.__set_MSP
                0x0000000000010206        0x6 obj//Users/kevin/Desktop/SJSU-Dev-master/firmware/lib/L0_LowLevel/source/core_cm3.o
                0x0000000000010206                __set_MSP
 .text.__set_BASEPRI
                0x000000000001020c        0x6 obj//Users/kevin/Desktop/SJSU-Dev-master/firmware/lib/L0_LowLevel/source/core_cm3.o
                0x000000000001020c                __set_BASEPRI
 *fill*         0x0000000000010212        0x2 ff
 .text.sys_get_boot_type
                0x0000000000010214        0xc obj//Users/kevin/Desktop/SJSU-Dev-master/firmware/lib/L0_LowLevel/source/low_level_init.o
                0x0000000000010214                sys_get_boot_type
 .text.sys_get_boot_time
                0x0000000000010220       0x14 obj//Users/kevin/Desktop/SJSU-Dev-master/firmware/lib/L0_LowLevel/source/low_level_init.o
                0x0000000000010220                sys_get_boot_time
 .text._Z14low_level_initv
                0x0000000000010234      0x228 obj//Users/kevin/Desktop/SJSU-Dev-master/firmware/lib/L0_LowLevel/source/low_level_init.o
                0x0000000000010234                low_level_init()
 .text.lpc_pconp
                0x000000000001045c       0x34 obj//Users/kevin/Desktop/SJSU-Dev-master/firmware/lib/L0_LowLevel/source/lpc_peripherals.o
                0x000000000001045c                lpc_pconp
 .text.lpc_pclk
                0x0000000000010490       0x48 obj//Users/kevin/Desktop/SJSU-Dev-master/firmware/lib/L0_LowLevel/source/lpc_peripherals.o
                0x0000000000010490                lpc_pclk
 .text.lpc_sys_setup_system_timer
                0x00000000000104d8       0x54 obj//Users/kevin/Desktop/SJSU-Dev-master/firmware/lib/L0_LowLevel/source/lpc_sys.o
                0x00000000000104d8                lpc_sys_setup_system_timer
 .text.sys_get_uptime_us
                0x000000000001052c       0x2c obj//Users/kevin/Desktop/SJSU-Dev-master/firmware/lib/L0_LowLevel/source/lpc_sys.o
                0x000000000001052c                sys_get_uptime_us
 .text.sys_get_mem_info_str
                0x0000000000010558       0x38 obj//Users/kevin/Desktop/SJSU-Dev-master/firmware/lib/L0_LowLevel/source/lpc_sys.o
                0x0000000000010558                sys_get_mem_info_str
 .text._ZN17SingletonTemplateI9IR_SensorE11getInstanceEv
                0x0000000000010590       0x18 obj//Users/kevin/Desktop/SJSU-Dev-master/firmware/lib/L0_LowLevel/source/lpc_sys.o
                0x0000000000010590                SingletonTemplate<IR_Sensor>::getInstance()
 .text.TIMER1_IRQHandler
                0x00000000000105a8       0xbc obj//Users/kevin/Desktop/SJSU-Dev-master/firmware/lib/L0_LowLevel/source/lpc_sys.o
                0x00000000000105a8                TIMER1_IRQHandler
 .text.isr_forwarder_routine
                0x0000000000010664       0x3c obj//Users/kevin/Desktop/SJSU-Dev-master/firmware/lib/L0_LowLevel/source/startup.o
 .text.isr_register
                0x00000000000106a0       0x10 obj//Users/kevin/Desktop/SJSU-Dev-master/firmware/lib/L0_LowLevel/source/startup.o
                0x00000000000106a0                isr_register
 .text.isr_hard_fault_handler
                0x00000000000106b0       0x58 obj//Users/kevin/Desktop/SJSU-Dev-master/firmware/lib/L0_LowLevel/source/startup.o
                0x00000000000106b0                isr_hard_fault_handler
 .text._ZL19sys_clock_pll0_feedv
                0x0000000000010708       0x14 obj//Users/kevin/Desktop/SJSU-Dev-master/firmware/lib/L0_LowLevel/source/sys_clock.o
 .text._ZL23sys_clock_configure_plljjPiS_S_.constprop.0
                0x000000000001071c       0x78 obj//Users/kevin/Desktop/SJSU-Dev-master/firmware/lib/L0_LowLevel/source/sys_clock.o
 .text._Z19sys_clock_configurev
                0x0000000000010794       0xb4 obj//Users/kevin/Desktop/SJSU-Dev-master/firmware/lib/L0_LowLevel/source/sys_clock.o
                0x0000000000010794                sys_clock_configure()
 .text.sys_get_cpu_clock
                0x0000000000010848       0xa8 obj//Users/kevin/Desktop/SJSU-Dev-master/firmware/lib/L0_LowLevel/source/sys_clock.o
                0x0000000000010848                sys_get_cpu_clock
 .text.uart0_init
                0x00000000000108f0       0x60 obj//Users/kevin/Desktop/SJSU-Dev-master/firmware/lib/L0_LowLevel/source/uart0_min.o
                0x00000000000108f0                uart0_init
 .text.uart0_getchar
                0x0000000000010950       0x18 obj//Users/kevin/Desktop/SJSU-Dev-master/firmware/lib/L0_LowLevel/source/uart0_min.o
                0x0000000000010950                uart0_getchar
 .text.uart0_putchar
                0x0000000000010968       0x18 obj//Users/kevin/Desktop/SJSU-Dev-master/firmware/lib/L0_LowLevel/source/uart0_min.o
                0x0000000000010968                uart0_putchar
 .text.uart0_puts
                0x0000000000010980       0x1a obj//Users/kevin/Desktop/SJSU-Dev-master/firmware/lib/L0_LowLevel/source/uart0_min.o
                0x0000000000010980                uart0_puts
 .text.vApplicationIdleHook
                0x000000000001099a        0x4 obj//Users/kevin/Desktop/SJSU-Dev-master/firmware/lib/L1_FreeRTOS/hooks/hooks.o
                0x000000000001099a                vApplicationIdleHook
 *fill*         0x000000000001099e        0x2 ff
 .text.vApplicationStackOverflowHook
                0x00000000000109a0       0x38 obj//Users/kevin/Desktop/SJSU-Dev-master/firmware/lib/L1_FreeRTOS/hooks/hooks.o
                0x00000000000109a0                vApplicationStackOverflowHook
 .text.vApplicationMallocFailedHook
                0x00000000000109d8       0x24 obj//Users/kevin/Desktop/SJSU-Dev-master/firmware/lib/L1_FreeRTOS/hooks/hooks.o
                0x00000000000109d8                vApplicationMallocFailedHook
 .text.pvPortMalloc
                0x00000000000109fc       0x1e obj//Users/kevin/Desktop/SJSU-Dev-master/firmware/lib/L1_FreeRTOS/MemMang/freertos_mem_man.o
                0x00000000000109fc                pvPortMalloc
 .text.vPortFree
                0x0000000000010a1a       0x1a obj//Users/kevin/Desktop/SJSU-Dev-master/firmware/lib/L1_FreeRTOS/MemMang/freertos_mem_man.o
                0x0000000000010a1a                vPortFree
 .text.prvTaskExitError
                0x0000000000010a34       0x12 obj//Users/kevin/Desktop/SJSU-Dev-master/firmware/lib/L1_FreeRTOS/portable/no_mpu/port.o
 *fill*         0x0000000000010a46        0x2 ff
 .text.prvPortStartFirstTask
                0x0000000000010a48       0x20 obj//Users/kevin/Desktop/SJSU-Dev-master/firmware/lib/L1_FreeRTOS/portable/no_mpu/port.o
 .text.pxPortInitialiseStack
                0x0000000000010a68       0x24 obj//Users/kevin/Desktop/SJSU-Dev-master/firmware/lib/L1_FreeRTOS/portable/no_mpu/port.o
                0x0000000000010a68                pxPortInitialiseStack
 *fill*         0x0000000000010a8c        0x4 ff
 .text.vPortSVCHandler
                0x0000000000010a90       0x24 obj//Users/kevin/Desktop/SJSU-Dev-master/firmware/lib/L1_FreeRTOS/portable/no_mpu/port.o
                0x0000000000010a90                vPortSVCHandler
 .text.vPortEndScheduler
                0x0000000000010ab4        0x2 obj//Users/kevin/Desktop/SJSU-Dev-master/firmware/lib/L1_FreeRTOS/portable/no_mpu/port.o
                0x0000000000010ab4                vPortEndScheduler
 *fill*         0x0000000000010ab6        0x2 ff
 .text.vPortEnterCritical
                0x0000000000010ab8       0x20 obj//Users/kevin/Desktop/SJSU-Dev-master/firmware/lib/L1_FreeRTOS/portable/no_mpu/port.o
                0x0000000000010ab8                vPortEnterCritical
 .text.vPortExitCritical
                0x0000000000010ad8       0x14 obj//Users/kevin/Desktop/SJSU-Dev-master/firmware/lib/L1_FreeRTOS/portable/no_mpu/port.o
                0x0000000000010ad8                vPortExitCritical
 *fill*         0x0000000000010aec        0x4 ff
 .text.xPortPendSVHandler
                0x0000000000010af0       0x44 obj//Users/kevin/Desktop/SJSU-Dev-master/firmware/lib/L1_FreeRTOS/portable/no_mpu/port.o
                0x0000000000010af0                xPortPendSVHandler
 .text.xPortSysTickHandler
                0x0000000000010b34       0x2c obj//Users/kevin/Desktop/SJSU-Dev-master/firmware/lib/L1_FreeRTOS/portable/no_mpu/port.o
                0x0000000000010b34                xPortSysTickHandler
 .text.vPortSetupTimerInterrupt
                0x0000000000010b60       0x14 obj//Users/kevin/Desktop/SJSU-Dev-master/firmware/lib/L1_FreeRTOS/portable/no_mpu/port.o
                0x0000000000010b60                vPortSetupTimerInterrupt
 .text.xPortStartScheduler
                0x0000000000010b74       0x30 obj//Users/kevin/Desktop/SJSU-Dev-master/firmware/lib/L1_FreeRTOS/portable/no_mpu/port.o
                0x0000000000010b74                xPortStartScheduler
 .text.rts_not_full_trace_init
                0x0000000000010ba4       0x14 obj//Users/kevin/Desktop/SJSU-Dev-master/firmware/lib/L1_FreeRTOS/portable/run_time_stats.o
                0x0000000000010ba4                rts_not_full_trace_init
 .text.rts_not_full_trace_get
                0x0000000000010bb8       0x14 obj//Users/kevin/Desktop/SJSU-Dev-master/firmware/lib/L1_FreeRTOS/portable/run_time_stats.o
                0x0000000000010bb8                rts_not_full_trace_get
 .text.rts_not_full_trace_reset
                0x0000000000010bcc       0x14 obj//Users/kevin/Desktop/SJSU-Dev-master/firmware/lib/L1_FreeRTOS/portable/run_time_stats.o
                0x0000000000010bcc                rts_not_full_trace_reset
 .text.vListInitialise
                0x0000000000010be0       0x16 obj//Users/kevin/Desktop/SJSU-Dev-master/firmware/lib/L1_FreeRTOS/src/list.o
                0x0000000000010be0                vListInitialise
 .text.vListInitialiseItem
                0x0000000000010bf6        0x6 obj//Users/kevin/Desktop/SJSU-Dev-master/firmware/lib/L1_FreeRTOS/src/list.o
                0x0000000000010bf6                vListInitialiseItem
 .text.vListInsertEnd
                0x0000000000010bfc       0x18 obj//Users/kevin/Desktop/SJSU-Dev-master/firmware/lib/L1_FreeRTOS/src/list.o
                0x0000000000010bfc                vListInsertEnd
 .text.vListInsert
                0x0000000000010c14       0x2e obj//Users/kevin/Desktop/SJSU-Dev-master/firmware/lib/L1_FreeRTOS/src/list.o
                0x0000000000010c14                vListInsert
 .text.uxListRemove
                0x0000000000010c42       0x20 obj//Users/kevin/Desktop/SJSU-Dev-master/firmware/lib/L1_FreeRTOS/src/list.o
                0x0000000000010c42                uxListRemove
 .text.prvCopyDataToQueue
                0x0000000000010c62       0x66 obj//Users/kevin/Desktop/SJSU-Dev-master/firmware/lib/L1_FreeRTOS/src/queue.o
 .text.prvNotifyQueueSetContainer
                0x0000000000010cc8       0x4a obj//Users/kevin/Desktop/SJSU-Dev-master/firmware/lib/L1_FreeRTOS/src/queue.o
 .text.prvCopyDataFromQueue
                0x0000000000010d12       0x28 obj//Users/kevin/Desktop/SJSU-Dev-master/firmware/lib/L1_FreeRTOS/src/queue.o
 .text.prvUnlockQueue
                0x0000000000010d3a       0x7e obj//Users/kevin/Desktop/SJSU-Dev-master/firmware/lib/L1_FreeRTOS/src/queue.o
 .text.xQueueGenericReset
                0x0000000000010db8       0x6c obj//Users/kevin/Desktop/SJSU-Dev-master/firmware/lib/L1_FreeRTOS/src/queue.o
                0x0000000000010db8                xQueueGenericReset
 .text.xQueueGenericCreate
                0x0000000000010e24       0x32 obj//Users/kevin/Desktop/SJSU-Dev-master/firmware/lib/L1_FreeRTOS/src/queue.o
                0x0000000000010e24                xQueueGenericCreate
 .text.xQueueCreateCountingSemaphore
                0x0000000000010e56       0x12 obj//Users/kevin/Desktop/SJSU-Dev-master/firmware/lib/L1_FreeRTOS/src/queue.o
                0x0000000000010e56                xQueueCreateCountingSemaphore
 .text.xQueueGenericSend
                0x0000000000010e68      0x104 obj//Users/kevin/Desktop/SJSU-Dev-master/firmware/lib/L1_FreeRTOS/src/queue.o
                0x0000000000010e68                xQueueGenericSend
 .text.xQueueCreateMutex
                0x0000000000010f6c       0x24 obj//Users/kevin/Desktop/SJSU-Dev-master/firmware/lib/L1_FreeRTOS/src/queue.o
                0x0000000000010f6c                xQueueCreateMutex
 .text.xQueueGenericSendFromISR
                0x0000000000010f90       0x80 obj//Users/kevin/Desktop/SJSU-Dev-master/firmware/lib/L1_FreeRTOS/src/queue.o
                0x0000000000010f90                xQueueGenericSendFromISR
 .text.xQueueGiveFromISR
                0x0000000000011010       0x68 obj//Users/kevin/Desktop/SJSU-Dev-master/firmware/lib/L1_FreeRTOS/src/queue.o
                0x0000000000011010                xQueueGiveFromISR
 .text.xQueueGenericReceive
                0x0000000000011078      0x134 obj//Users/kevin/Desktop/SJSU-Dev-master/firmware/lib/L1_FreeRTOS/src/queue.o
                0x0000000000011078                xQueueGenericReceive
 .text.xQueueReceiveFromISR
                0x00000000000111ac       0x68 obj//Users/kevin/Desktop/SJSU-Dev-master/firmware/lib/L1_FreeRTOS/src/queue.o
                0x00000000000111ac                xQueueReceiveFromISR
 .text.uxQueueMessagesWaiting
                0x0000000000011214       0x12 obj//Users/kevin/Desktop/SJSU-Dev-master/firmware/lib/L1_FreeRTOS/src/queue.o
                0x0000000000011214                uxQueueMessagesWaiting
 .text.uxQueueMessagesWaitingFromISR
                0x0000000000011226        0x4 obj//Users/kevin/Desktop/SJSU-Dev-master/firmware/lib/L1_FreeRTOS/src/queue.o
                0x0000000000011226                uxQueueMessagesWaitingFromISR
 .text.xQueueSelectFromSet
                0x000000000001122a       0x18 obj//Users/kevin/Desktop/SJSU-Dev-master/firmware/lib/L1_FreeRTOS/src/queue.o
                0x000000000001122a                xQueueSelectFromSet
 .text.prvResetRunTimeStatsInList
                0x0000000000011242       0x2e obj//Users/kevin/Desktop/SJSU-Dev-master/firmware/lib/L1_FreeRTOS/src/tasks.o
 .text.prvIdleTask
                0x0000000000011270       0x28 obj//Users/kevin/Desktop/SJSU-Dev-master/firmware/lib/L1_FreeRTOS/src/tasks.o
 .text.prvResetNextTaskUnblockTime
                0x0000000000011298       0x24 obj//Users/kevin/Desktop/SJSU-Dev-master/firmware/lib/L1_FreeRTOS/src/tasks.o
 .text.prvAddCurrentTaskToDelayedList
                0x00000000000112bc       0x8c obj//Users/kevin/Desktop/SJSU-Dev-master/firmware/lib/L1_FreeRTOS/src/tasks.o
 .text.xTaskCreate
                0x0000000000011348      0x1a4 obj//Users/kevin/Desktop/SJSU-Dev-master/firmware/lib/L1_FreeRTOS/src/tasks.o
                0x0000000000011348                xTaskCreate
 .text.eTaskGetState
                0x00000000000114ec       0x54 obj//Users/kevin/Desktop/SJSU-Dev-master/firmware/lib/L1_FreeRTOS/src/tasks.o
                0x00000000000114ec                eTaskGetState
 .text.vTaskStartScheduler
                0x0000000000011540       0x64 obj//Users/kevin/Desktop/SJSU-Dev-master/firmware/lib/L1_FreeRTOS/src/tasks.o
                0x0000000000011540                vTaskStartScheduler
 .text.vTaskEndScheduler
                0x00000000000115a4       0x20 obj//Users/kevin/Desktop/SJSU-Dev-master/firmware/lib/L1_FreeRTOS/src/tasks.o
                0x00000000000115a4                vTaskEndScheduler
 .text.vTaskSuspendAll
                0x00000000000115c4       0x10 obj//Users/kevin/Desktop/SJSU-Dev-master/firmware/lib/L1_FreeRTOS/src/tasks.o
                0x00000000000115c4                vTaskSuspendAll
 .text.xTaskGetTickCount
                0x00000000000115d4        0xc obj//Users/kevin/Desktop/SJSU-Dev-master/firmware/lib/L1_FreeRTOS/src/tasks.o
                0x00000000000115d4                xTaskGetTickCount
 .text.xTaskGetTickCountFromISR
                0x00000000000115e0        0xc obj//Users/kevin/Desktop/SJSU-Dev-master/firmware/lib/L1_FreeRTOS/src/tasks.o
                0x00000000000115e0                xTaskGetTickCountFromISR
 .text.uxTaskGetNumberOfTasks
                0x00000000000115ec        0xc obj//Users/kevin/Desktop/SJSU-Dev-master/firmware/lib/L1_FreeRTOS/src/tasks.o
                0x00000000000115ec                uxTaskGetNumberOfTasks
 .text.xTaskIncrementTick
                0x00000000000115f8      0x10c obj//Users/kevin/Desktop/SJSU-Dev-master/firmware/lib/L1_FreeRTOS/src/tasks.o
                0x00000000000115f8                xTaskIncrementTick
 .text.xTaskResumeAll
                0x0000000000011704       0xd8 obj//Users/kevin/Desktop/SJSU-Dev-master/firmware/lib/L1_FreeRTOS/src/tasks.o
                0x0000000000011704                xTaskResumeAll
 .text.vTaskDelayUntil
                0x00000000000117dc       0x58 obj//Users/kevin/Desktop/SJSU-Dev-master/firmware/lib/L1_FreeRTOS/src/tasks.o
                0x00000000000117dc                vTaskDelayUntil
 .text.vTaskDelay
                0x0000000000011834       0x30 obj//Users/kevin/Desktop/SJSU-Dev-master/firmware/lib/L1_FreeRTOS/src/tasks.o
                0x0000000000011834                vTaskDelay
 .text.vTaskSwitchContext
                0x0000000000011864       0xb8 obj//Users/kevin/Desktop/SJSU-Dev-master/firmware/lib/L1_FreeRTOS/src/tasks.o
                0x0000000000011864                vTaskSwitchContext
 .text.vTaskSuspend
                0x000000000001191c       0xb0 obj//Users/kevin/Desktop/SJSU-Dev-master/firmware/lib/L1_FreeRTOS/src/tasks.o
                0x000000000001191c                vTaskSuspend
 .text.vTaskPlaceOnEventList
                0x00000000000119cc       0x20 obj//Users/kevin/Desktop/SJSU-Dev-master/firmware/lib/L1_FreeRTOS/src/tasks.o
                0x00000000000119cc                vTaskPlaceOnEventList
 .text.xTaskRemoveFromEventList
                0x00000000000119ec       0x70 obj//Users/kevin/Desktop/SJSU-Dev-master/firmware/lib/L1_FreeRTOS/src/tasks.o
                0x00000000000119ec                xTaskRemoveFromEventList
 .text.vTaskSetTimeOutState
                0x0000000000011a5c       0x18 obj//Users/kevin/Desktop/SJSU-Dev-master/firmware/lib/L1_FreeRTOS/src/tasks.o
                0x0000000000011a5c                vTaskSetTimeOutState
 .text.xTaskCheckForTimeOut
                0x0000000000011a74       0x4c obj//Users/kevin/Desktop/SJSU-Dev-master/firmware/lib/L1_FreeRTOS/src/tasks.o
                0x0000000000011a74                xTaskCheckForTimeOut
 .text.vTaskMissedYield
                0x0000000000011ac0        0xc obj//Users/kevin/Desktop/SJSU-Dev-master/firmware/lib/L1_FreeRTOS/src/tasks.o
                0x0000000000011ac0                vTaskMissedYield
 .text.vTaskGetInfo
                0x0000000000011acc       0x80 obj//Users/kevin/Desktop/SJSU-Dev-master/firmware/lib/L1_FreeRTOS/src/tasks.o
                0x0000000000011acc                vTaskGetInfo
 .text.prvListTasksWithinSingleList
                0x0000000000011b4c       0x5c obj//Users/kevin/Desktop/SJSU-Dev-master/firmware/lib/L1_FreeRTOS/src/tasks.o
 .text.uxTaskGetSystemState
                0x0000000000011ba8       0x98 obj//Users/kevin/Desktop/SJSU-Dev-master/firmware/lib/L1_FreeRTOS/src/tasks.o
                0x0000000000011ba8                uxTaskGetSystemState
 .text.uxTaskGetStackHighWaterMark
                0x0000000000011c40       0x20 obj//Users/kevin/Desktop/SJSU-Dev-master/firmware/lib/L1_FreeRTOS/src/tasks.o
                0x0000000000011c40                uxTaskGetStackHighWaterMark
 .text.xTaskGetSchedulerState
                0x0000000000011c60       0x20 obj//Users/kevin/Desktop/SJSU-Dev-master/firmware/lib/L1_FreeRTOS/src/tasks.o
                0x0000000000011c60                xTaskGetSchedulerState
 .text.vTaskPriorityInherit
                0x0000000000011c80       0x90 obj//Users/kevin/Desktop/SJSU-Dev-master/firmware/lib/L1_FreeRTOS/src/tasks.o
                0x0000000000011c80                vTaskPriorityInherit
 .text.xTaskPriorityDisinherit
                0x0000000000011d10       0x70 obj//Users/kevin/Desktop/SJSU-Dev-master/firmware/lib/L1_FreeRTOS/src/tasks.o
                0x0000000000011d10                xTaskPriorityDisinherit
 .text.pvTaskIncrementMutexHeldCount
                0x0000000000011d80       0x18 obj//Users/kevin/Desktop/SJSU-Dev-master/firmware/lib/L1_FreeRTOS/src/tasks.o
                0x0000000000011d80                pvTaskIncrementMutexHeldCount
 .text.vTaskResetRunTimeStats
                0x0000000000011d98       0x68 obj//Users/kevin/Desktop/SJSU-Dev-master/firmware/lib/L1_FreeRTOS/src/tasks.o
                0x0000000000011d98                vTaskResetRunTimeStats
 .text.vRunTimeStatIsrEntry
                0x0000000000011e00       0x28 obj//Users/kevin/Desktop/SJSU-Dev-master/firmware/lib/L1_FreeRTOS/src/tasks.o
                0x0000000000011e00                vRunTimeStatIsrEntry
 .text.vRunTimeStatIsrExit
                0x0000000000011e28       0x10 obj//Users/kevin/Desktop/SJSU-Dev-master/firmware/lib/L1_FreeRTOS/src/tasks.o
                0x0000000000011e28                vRunTimeStatIsrExit
 .text._ZN7CharDev5flushEv
                0x0000000000011e38        0x4 obj//Users/kevin/Desktop/SJSU-Dev-master/firmware/lib/L2_Drivers/base/char_dev.o
                0x0000000000011e38                CharDev::flush()
 .text._ZN7CharDev3putEPKcj
                0x0000000000011e3c       0x28 obj//Users/kevin/Desktop/SJSU-Dev-master/firmware/lib/L2_Drivers/base/char_dev.o
                0x0000000000011e3c                CharDev::put(char const*, unsigned int)
 .text._ZN7CharDev7putlineEPKcj
                0x0000000000011e64       0x1c obj//Users/kevin/Desktop/SJSU-Dev-master/firmware/lib/L2_Drivers/base/char_dev.o
                0x0000000000011e64                CharDev::putline(char const*, unsigned int)
 .text._ZN7CharDev4getsEPcij
                0x0000000000011e80       0x50 obj//Users/kevin/Desktop/SJSU-Dev-master/firmware/lib/L2_Drivers/base/char_dev.o
                0x0000000000011e80                CharDev::gets(char*, int, unsigned int)
 .text._ZN7CharDev6printfEPKcz
                0x0000000000011ed0       0x78 obj//Users/kevin/Desktop/SJSU-Dev-master/firmware/lib/L2_Drivers/base/char_dev.o
                0x0000000000011ed0                CharDev::printf(char const*, ...)
 .text._ZN7CharDevC2Ev
                0x0000000000011f48       0x20 obj//Users/kevin/Desktop/SJSU-Dev-master/firmware/lib/L2_Drivers/base/char_dev.o
                0x0000000000011f48                CharDev::CharDev()
                0x0000000000011f48                CharDev::CharDev()
 .text._ZN7CharDevD2Ev
                0x0000000000011f68       0x18 obj//Users/kevin/Desktop/SJSU-Dev-master/firmware/lib/L2_Drivers/base/char_dev.o
                0x0000000000011f68                CharDev::~CharDev()
                0x0000000000011f68                CharDev::~CharDev()
 .text._ZN8I2C_Base8transferEhhPhm
                0x0000000000011f80       0xe0 obj//Users/kevin/Desktop/SJSU-Dev-master/firmware/lib/L2_Drivers/base/i2c_base.o
                0x0000000000011f80                I2C_Base::transfer(unsigned char, unsigned char, unsigned char*, unsigned long)
 .text._ZN8I2C_Base13readRegistersEhhPhm
                0x0000000000012060        0x8 obj//Users/kevin/Desktop/SJSU-Dev-master/firmware/lib/L2_Drivers/base/i2c_base.o
                0x0000000000012060                I2C_Base::readRegisters(unsigned char, unsigned char, unsigned char*, unsigned long)
 .text._ZN8I2C_Base7readRegEhh
                0x0000000000012068       0x1a obj//Users/kevin/Desktop/SJSU-Dev-master/firmware/lib/L2_Drivers/base/i2c_base.o
                0x0000000000012068                I2C_Base::readReg(unsigned char, unsigned char)
 .text._ZN8I2C_Base14writeRegistersEhhPhm
                0x0000000000012082        0x8 obj//Users/kevin/Desktop/SJSU-Dev-master/firmware/lib/L2_Drivers/base/i2c_base.o
                0x0000000000012082                I2C_Base::writeRegisters(unsigned char, unsigned char, unsigned char*, unsigned long)
 .text._ZN8I2C_Base8writeRegEhhh
                0x000000000001208a       0x16 obj//Users/kevin/Desktop/SJSU-Dev-master/firmware/lib/L2_Drivers/base/i2c_base.o
                0x000000000001208a                I2C_Base::writeReg(unsigned char, unsigned char, unsigned char)
 .text._ZN8I2C_Base19checkDeviceResponseEh
                0x00000000000120a0       0x16 obj//Users/kevin/Desktop/SJSU-Dev-master/firmware/lib/L2_Drivers/base/i2c_base.o
                0x00000000000120a0                I2C_Base::checkDeviceResponse(unsigned char)
 *fill*         0x00000000000120b6        0x2 ff
 .text._ZN8I2C_BaseC2EP15LPC_I2C_TypeDef
                0x00000000000120b8       0x64 obj//Users/kevin/Desktop/SJSU-Dev-master/firmware/lib/L2_Drivers/base/i2c_base.o
                0x00000000000120b8                I2C_Base::I2C_Base(LPC_I2C_TypeDef*)
                0x00000000000120b8                I2C_Base::I2C_Base(LPC_I2C_TypeDef*)
 .text._ZN8I2C_Base4initEmm
                0x000000000001211c       0x94 obj//Users/kevin/Desktop/SJSU-Dev-master/firmware/lib/L2_Drivers/base/i2c_base.o
                0x000000000001211c                I2C_Base::init(unsigned long, unsigned long)
 .text._ZN8I2C_Base15i2cStateMachineEv
                0x00000000000121b0      0x1c4 obj//Users/kevin/Desktop/SJSU-Dev-master/firmware/lib/L2_Drivers/base/i2c_base.o
                0x00000000000121b0                I2C_Base::i2cStateMachine()
 .text._ZN8I2C_Base15handleInterruptEv
                0x0000000000012374       0x34 obj//Users/kevin/Desktop/SJSU-Dev-master/firmware/lib/L2_Drivers/base/i2c_base.o
                0x0000000000012374                I2C_Base::handleInterrupt()
 .text._ZN7UartDev7putCharEcj
                0x00000000000123a8       0x5c obj//Users/kevin/Desktop/SJSU-Dev-master/firmware/lib/L2_Drivers/base/uart_dev.o
                0x00000000000123a8                UartDev::putChar(char, unsigned int)
 .text._ZN7UartDevD2Ev
                0x0000000000012404       0x14 obj//Users/kevin/Desktop/SJSU-Dev-master/firmware/lib/L2_Drivers/base/uart_dev.o
                0x0000000000012404                UartDev::~UartDev()
                0x0000000000012404                UartDev::~UartDev()
 .text._ZN7UartDevD0Ev
                0x0000000000012418       0x14 obj//Users/kevin/Desktop/SJSU-Dev-master/firmware/lib/L2_Drivers/base/uart_dev.o
                0x0000000000012418                UartDev::~UartDev()
 .text._ZN7UartDev5flushEv
                0x000000000001242c       0x20 obj//Users/kevin/Desktop/SJSU-Dev-master/firmware/lib/L2_Drivers/base/uart_dev.o
                0x000000000001242c                UartDev::flush()
 .text._ZN7UartDev7getCharEPcj
                0x000000000001244c       0x6c obj//Users/kevin/Desktop/SJSU-Dev-master/firmware/lib/L2_Drivers/base/uart_dev.o
                0x000000000001244c                UartDev::getChar(char*, unsigned int)
 .text._ZN7UartDev11setBaudRateEj
                0x00000000000124b8       0x34 obj//Users/kevin/Desktop/SJSU-Dev-master/firmware/lib/L2_Drivers/base/uart_dev.o
                0x00000000000124b8                UartDev::setBaudRate(unsigned int)
 .text._ZN7UartDev15handleInterruptEv
                0x00000000000124ec       0xc0 obj//Users/kevin/Desktop/SJSU-Dev-master/firmware/lib/L2_Drivers/base/uart_dev.o
                0x00000000000124ec                UartDev::handleInterrupt()
 .text._ZN7UartDevC2EPj
                0x00000000000125ac       0x28 obj//Users/kevin/Desktop/SJSU-Dev-master/firmware/lib/L2_Drivers/base/uart_dev.o
                0x00000000000125ac                UartDev::UartDev(unsigned int*)
                0x00000000000125ac                UartDev::UartDev(unsigned int*)
 .text._ZN7UartDev4initEjjii
                0x00000000000125d4       0xac obj//Users/kevin/Desktop/SJSU-Dev-master/firmware/lib/L2_Drivers/base/uart_dev.o
                0x00000000000125d4                UartDev::init(unsigned int, unsigned int, int, int)
 .text.adc0_start_conversion
                0x0000000000012680       0x24 obj//Users/kevin/Desktop/SJSU-Dev-master/firmware/lib/L2_Drivers/src/adc.o
 .text.ADC_IRQHandler
                0x00000000000126a4       0x48 obj//Users/kevin/Desktop/SJSU-Dev-master/firmware/lib/L2_Drivers/src/adc.o
                0x00000000000126a4                ADC_IRQHandler
 .text.adc0_init
                0x00000000000126ec       0x74 obj//Users/kevin/Desktop/SJSU-Dev-master/firmware/lib/L2_Drivers/src/adc.o
                0x00000000000126ec                adc0_init
 .text.adc0_get_reading
                0x0000000000012760       0x74 obj//Users/kevin/Desktop/SJSU-Dev-master/firmware/lib/L2_Drivers/src/adc.o
                0x0000000000012760                adc0_get_reading
 .text.CAN_tx_now
                0x00000000000127d4       0x32 obj//Users/kevin/Desktop/SJSU-Dev-master/firmware/lib/L2_Drivers/src/can.o
 *fill*         0x0000000000012806        0x2 ff
 .text.CAN_handle_isr
                0x0000000000012808       0xa4 obj//Users/kevin/Desktop/SJSU-Dev-master/firmware/lib/L2_Drivers/src/can.o
 .text.CAN_IRQHandler
                0x00000000000128ac       0x28 obj//Users/kevin/Desktop/SJSU-Dev-master/firmware/lib/L2_Drivers/src/can.o
                0x00000000000128ac                CAN_IRQHandler
 .text.handle_eint_list
                0x00000000000128d4       0x2c obj//Users/kevin/Desktop/SJSU-Dev-master/firmware/lib/L2_Drivers/src/eint.o
 .text.eint3_enable.isra.0
                0x0000000000012900       0x38 obj//Users/kevin/Desktop/SJSU-Dev-master/firmware/lib/L2_Drivers/src/eint.o
 .text.EINT3_IRQHandler
                0x0000000000012938       0x80 obj//Users/kevin/Desktop/SJSU-Dev-master/firmware/lib/L2_Drivers/src/eint.o
                0x0000000000012938                EINT3_IRQHandler
 .text.eint3_enable_port0
                0x00000000000129b8       0x30 obj//Users/kevin/Desktop/SJSU-Dev-master/firmware/lib/L2_Drivers/src/eint.o
                0x00000000000129b8                eint3_enable_port0
 .text._ZN4I2C24initEj
                0x00000000000129e8       0x68 obj//Users/kevin/Desktop/SJSU-Dev-master/firmware/lib/L2_Drivers/src/i2c2.o
                0x00000000000129e8                I2C2::init(unsigned int)
 .text._ZN4I2C2C2Ev
                0x0000000000012a50       0x14 obj//Users/kevin/Desktop/SJSU-Dev-master/firmware/lib/L2_Drivers/src/i2c2.o
                0x0000000000012a50                I2C2::I2C2()
                0x0000000000012a50                I2C2::I2C2()
 .text.I2C2_IRQHandler
                0x0000000000012a64       0x24 obj//Users/kevin/Desktop/SJSU-Dev-master/firmware/lib/L2_Drivers/src/i2c2.o
                0x0000000000012a64                I2C2_IRQHandler
 .text.RIT_IRQHandler
                0x0000000000012a88       0x1c obj//Users/kevin/Desktop/SJSU-Dev-master/firmware/lib/L2_Drivers/src/lpc_rit.o
                0x0000000000012a88                RIT_IRQHandler
 .text.lpc_timer_get_struct
                0x0000000000012aa4       0x20 obj//Users/kevin/Desktop/SJSU-Dev-master/firmware/lib/L2_Drivers/src/lpc_timers.o
 .text.lpc_timer_enable
                0x0000000000012ac4       0x6c obj//Users/kevin/Desktop/SJSU-Dev-master/firmware/lib/L2_Drivers/src/lpc_timers.o
                0x0000000000012ac4                lpc_timer_enable
 .text._ZN12NordicStream5flushEv
                0x0000000000012b30       0x5c obj//Users/kevin/Desktop/SJSU-Dev-master/firmware/lib/L2_Drivers/src/nrf_stream.o
                0x0000000000012b30                NordicStream::flush()
 .text._ZN12NordicStreamD2Ev
                0x0000000000012b8c       0x14 obj//Users/kevin/Desktop/SJSU-Dev-master/firmware/lib/L2_Drivers/src/nrf_stream.o
                0x0000000000012b8c                NordicStream::~NordicStream()
                0x0000000000012b8c                NordicStream::~NordicStream()
 .text._ZN12NordicStreamD0Ev
                0x0000000000012ba0       0x14 obj//Users/kevin/Desktop/SJSU-Dev-master/firmware/lib/L2_Drivers/src/nrf_stream.o
                0x0000000000012ba0                NordicStream::~NordicStream()
 .text._ZN12NordicStream7putCharEcj
                0x0000000000012bb4       0x22 obj//Users/kevin/Desktop/SJSU-Dev-master/firmware/lib/L2_Drivers/src/nrf_stream.o
                0x0000000000012bb4                NordicStream::putChar(char, unsigned int)
 .text._ZN12NordicStream7getCharEPcj
                0x0000000000012bd6       0x44 obj//Users/kevin/Desktop/SJSU-Dev-master/firmware/lib/L2_Drivers/src/nrf_stream.o
                0x0000000000012bd6                NordicStream::getChar(char*, unsigned int)
 *fill*         0x0000000000012c1a        0x2 ff
 .text._ZN12NordicStreamC2Ev
                0x0000000000012c1c       0x40 obj//Users/kevin/Desktop/SJSU-Dev-master/firmware/lib/L2_Drivers/src/nrf_stream.o
                0x0000000000012c1c                NordicStream::NordicStream()
                0x0000000000012c1c                NordicStream::NordicStream()
 .text.rtc_gettime
                0x0000000000012c5c       0x48 obj//Users/kevin/Desktop/SJSU-Dev-master/firmware/lib/L2_Drivers/src/rtc.o
                0x0000000000012c5c                rtc_gettime
 .text.rtc_settime
                0x0000000000012ca4       0x68 obj//Users/kevin/Desktop/SJSU-Dev-master/firmware/lib/L2_Drivers/src/rtc.o
                0x0000000000012ca4                rtc_settime
 .text.rtc_init
                0x0000000000012d0c       0xd0 obj//Users/kevin/Desktop/SJSU-Dev-master/firmware/lib/L2_Drivers/src/rtc.o
                0x0000000000012d0c                rtc_init
 .text.rtc_get_date_time_str
                0x0000000000012ddc       0x14 obj//Users/kevin/Desktop/SJSU-Dev-master/firmware/lib/L2_Drivers/src/rtc.o
                0x0000000000012ddc                rtc_get_date_time_str
 .text.ssp1_dma_init
                0x0000000000012df0       0x1c obj//Users/kevin/Desktop/SJSU-Dev-master/firmware/lib/L2_Drivers/src/spi_dma.o
                0x0000000000012df0                ssp1_dma_init
 .text.ssp1_dma_transfer_block
                0x0000000000012e0c       0xc0 obj//Users/kevin/Desktop/SJSU-Dev-master/firmware/lib/L2_Drivers/src/spi_dma.o
                0x0000000000012e0c                ssp1_dma_transfer_block
 .text.spi1_lock
                0x0000000000012ecc       0x30 obj//Users/kevin/Desktop/SJSU-Dev-master/firmware/lib/L2_Drivers/src/spi_sem.o
                0x0000000000012ecc                spi1_lock
 .text.spi1_unlock
                0x0000000000012efc       0x24 obj//Users/kevin/Desktop/SJSU-Dev-master/firmware/lib/L2_Drivers/src/spi_sem.o
                0x0000000000012efc                spi1_unlock
 .text._ZN5Uart0D2Ev
                0x0000000000012f20       0x14 obj//Users/kevin/Desktop/SJSU-Dev-master/firmware/lib/L2_Drivers/src/uart0.o
                0x0000000000012f20                Uart0::~Uart0()
                0x0000000000012f20                Uart0::~Uart0()
 .text._ZN5Uart0D0Ev
                0x0000000000012f34       0x14 obj//Users/kevin/Desktop/SJSU-Dev-master/firmware/lib/L2_Drivers/src/uart0.o
                0x0000000000012f34                Uart0::~Uart0()
 .text._ZN5Uart04initEjii
                0x0000000000012f48       0x40 obj//Users/kevin/Desktop/SJSU-Dev-master/firmware/lib/L2_Drivers/src/uart0.o
                0x0000000000012f48                Uart0::init(unsigned int, int, int)
 .text._ZN5Uart0C2Ev
                0x0000000000012f88       0x1c obj//Users/kevin/Desktop/SJSU-Dev-master/firmware/lib/L2_Drivers/src/uart0.o
                0x0000000000012f88                Uart0::Uart0()
                0x0000000000012f88                Uart0::Uart0()
 .text.UART0_IRQHandler
                0x0000000000012fa4       0x24 obj//Users/kevin/Desktop/SJSU-Dev-master/firmware/lib/L2_Drivers/src/uart0.o
                0x0000000000012fa4                UART0_IRQHandler
 .text._ZN5Uart2D2Ev
                0x0000000000012fc8       0x14 obj//Users/kevin/Desktop/SJSU-Dev-master/firmware/lib/L2_Drivers/src/uart2.o
                0x0000000000012fc8                Uart2::~Uart2()
                0x0000000000012fc8                Uart2::~Uart2()
 .text._ZN5Uart2D0Ev
                0x0000000000012fdc       0x14 obj//Users/kevin/Desktop/SJSU-Dev-master/firmware/lib/L2_Drivers/src/uart2.o
                0x0000000000012fdc                Uart2::~Uart2()
 .text._ZN5Uart2C2Ev
                0x0000000000012ff0       0x1c obj//Users/kevin/Desktop/SJSU-Dev-master/firmware/lib/L2_Drivers/src/uart2.o
                0x0000000000012ff0                Uart2::Uart2()
                0x0000000000012ff0                Uart2::Uart2()
 .text.UART2_IRQHandler
                0x000000000001300c       0x24 obj//Users/kevin/Desktop/SJSU-Dev-master/firmware/lib/L2_Drivers/src/uart2.o
                0x000000000001300c                UART2_IRQHandler
 .text._ZN5Uart3D2Ev
                0x0000000000013030       0x14 obj//Users/kevin/Desktop/SJSU-Dev-master/firmware/lib/L2_Drivers/src/uart3.o
                0x0000000000013030                Uart3::~Uart3()
                0x0000000000013030                Uart3::~Uart3()
 .text._ZN5Uart3D0Ev
                0x0000000000013044       0x14 obj//Users/kevin/Desktop/SJSU-Dev-master/firmware/lib/L2_Drivers/src/uart3.o
                0x0000000000013044                Uart3::~Uart3()
 .text._ZN5Uart3C2Ev
                0x0000000000013058       0x1c obj//Users/kevin/Desktop/SJSU-Dev-master/firmware/lib/L2_Drivers/src/uart3.o
                0x0000000000013058                Uart3::Uart3()
                0x0000000000013058                Uart3::Uart3()
 .text.UART3_IRQHandler
                0x0000000000013074       0x24 obj//Users/kevin/Desktop/SJSU-Dev-master/firmware/lib/L2_Drivers/src/uart3.o
                0x0000000000013074                UART3_IRQHandler
 .text.c_list_create
                0x0000000000013098       0x14 obj//Users/kevin/Desktop/SJSU-Dev-master/firmware/lib/L3_Utils/src/c_list.o
                0x0000000000013098                c_list_create
 .text.c_list_node_count
                0x00000000000130ac        0x6 obj//Users/kevin/Desktop/SJSU-Dev-master/firmware/lib/L3_Utils/src/c_list.o
                0x00000000000130ac                c_list_node_count
 .text.c_list_insert_elm_end
                0x00000000000130b2       0x38 obj//Users/kevin/Desktop/SJSU-Dev-master/firmware/lib/L3_Utils/src/c_list.o
                0x00000000000130b2                c_list_insert_elm_end
 .text.c_list_get_elm_at
                0x00000000000130ea       0x2c obj//Users/kevin/Desktop/SJSU-Dev-master/firmware/lib/L3_Utils/src/c_list.o
                0x00000000000130ea                c_list_get_elm_at
 .text.c_list_find_elm
                0x0000000000013116       0x2c obj//Users/kevin/Desktop/SJSU-Dev-master/firmware/lib/L3_Utils/src/c_list.o
                0x0000000000013116                c_list_find_elm
 .text.c_list_for_each_elm
                0x0000000000013142       0x2a obj//Users/kevin/Desktop/SJSU-Dev-master/firmware/lib/L3_Utils/src/c_list.o
                0x0000000000013142                c_list_for_each_elm
 .text._ZN16CommandProcessor10addHandlerEPFbR3strR7CharDevPvEPKcS8_S4_
                0x000000000001316c       0x7c obj//Users/kevin/Desktop/SJSU-Dev-master/firmware/lib/L3_Utils/src/command_handler.o
                0x000000000001316c                CommandProcessor::addHandler(bool (*)(str&, CharDev&, void*), char const*, char const*, void*)
 .text._ZN16CommandProcessor24getRegisteredCommandListER7CharDev
                0x00000000000131e8       0xa0 obj//Users/kevin/Desktop/SJSU-Dev-master/firmware/lib/L3_Utils/src/command_handler.o
                0x00000000000131e8                CommandProcessor::getRegisteredCommandList(CharDev&)
 .text._ZN16CommandProcessor11getHelpTextER3strR7CharDev
                0x0000000000013288       0x70 obj//Users/kevin/Desktop/SJSU-Dev-master/firmware/lib/L3_Utils/src/command_handler.o
                0x0000000000013288                CommandProcessor::getHelpText(str&, CharDev&)
 .text._ZN16CommandProcessor15prepareCmdParamER3strPKc
                0x00000000000132f8       0x3c obj//Users/kevin/Desktop/SJSU-Dev-master/firmware/lib/L3_Utils/src/command_handler.o
                0x00000000000132f8                CommandProcessor::prepareCmdParam(str&, char const*)
 .text._ZN16CommandProcessor13handleCommandER3strR7CharDev
                0x0000000000013334      0x164 obj//Users/kevin/Desktop/SJSU-Dev-master/firmware/lib/L3_Utils/src/command_handler.o
                0x0000000000013334                CommandProcessor::handleCommand(str&, CharDev&)
 .text.logger_get_buffer_ptr
                0x0000000000013498       0x48 obj//Users/kevin/Desktop/SJSU-Dev-master/firmware/lib/L3_Utils/src/file_logger.o
 .text.logger_write_to_file
                0x00000000000134e0       0xb4 obj//Users/kevin/Desktop/SJSU-Dev-master/firmware/lib/L3_Utils/src/file_logger.o
 .text.logger_task
                0x0000000000013594       0xd0 obj//Users/kevin/Desktop/SJSU-Dev-master/firmware/lib/L3_Utils/src/file_logger.o
 .text.logger_write_log_message
                0x0000000000013664       0x48 obj//Users/kevin/Desktop/SJSU-Dev-master/firmware/lib/L3_Utils/src/file_logger.o
 .text.logger_send_flush_request
                0x00000000000136ac       0x34 obj//Users/kevin/Desktop/SJSU-Dev-master/firmware/lib/L3_Utils/src/file_logger.o
                0x00000000000136ac                logger_send_flush_request
 .text.logger_get_logged_call_count
                0x00000000000136e0       0x14 obj//Users/kevin/Desktop/SJSU-Dev-master/firmware/lib/L3_Utils/src/file_logger.o
                0x00000000000136e0                logger_get_logged_call_count
 .text.logger_get_blocked_call_count
                0x00000000000136f4        0xc obj//Users/kevin/Desktop/SJSU-Dev-master/firmware/lib/L3_Utils/src/file_logger.o
                0x00000000000136f4                logger_get_blocked_call_count
 .text.logger_get_highest_file_write_time_ms
                0x0000000000013700        0xc obj//Users/kevin/Desktop/SJSU-Dev-master/firmware/lib/L3_Utils/src/file_logger.o
                0x0000000000013700                logger_get_highest_file_write_time_ms
 .text.logger_get_num_buffers_watermark
                0x000000000001370c        0xc obj//Users/kevin/Desktop/SJSU-Dev-master/firmware/lib/L3_Utils/src/file_logger.o
                0x000000000001370c                logger_get_num_buffers_watermark
 .text.logger_init
                0x0000000000013718       0xcc obj//Users/kevin/Desktop/SJSU-Dev-master/firmware/lib/L3_Utils/src/file_logger.o
                0x0000000000013718                logger_init
 .text.logger_set_printf
                0x00000000000137e4       0x1c obj//Users/kevin/Desktop/SJSU-Dev-master/firmware/lib/L3_Utils/src/file_logger.o
                0x00000000000137e4                logger_set_printf
 .text.logger_log
                0x0000000000013800      0x138 obj//Users/kevin/Desktop/SJSU-Dev-master/firmware/lib/L3_Utils/src/file_logger.o
                0x0000000000013800                logger_log
 .text.logger_log_raw
                0x0000000000013938       0x40 obj//Users/kevin/Desktop/SJSU-Dev-master/firmware/lib/L3_Utils/src/file_logger.o
                0x0000000000013938                logger_log_raw
 .text.u0_dbg_put
                0x0000000000013978       0x1e obj//Users/kevin/Desktop/SJSU-Dev-master/firmware/lib/L3_Utils/src/printf_lib.o
                0x0000000000013978                u0_dbg_put
 .text.u0_dbg_printf
                0x0000000000013996       0x3c obj//Users/kevin/Desktop/SJSU-Dev-master/firmware/lib/L3_Utils/src/printf_lib.o
                0x0000000000013996                u0_dbg_printf
 .text.for_each_recur_alarm_callback
                0x00000000000139d2       0x24 obj//Users/kevin/Desktop/SJSU-Dev-master/firmware/lib/L3_Utils/src/rtc_alarm.o
 .text.for_each_alarm_callback
                0x00000000000139f6       0x5a obj//Users/kevin/Desktop/SJSU-Dev-master/firmware/lib/L3_Utils/src/rtc_alarm.o
 .text.RTC_IRQHandler
                0x0000000000013a50       0xac obj//Users/kevin/Desktop/SJSU-Dev-master/firmware/lib/L3_Utils/src/rtc_alarm.o
                0x0000000000013a50                RTC_IRQHandler
 .text._ZN14scheduler_task4initEv
                0x0000000000013afc        0x4 obj//Users/kevin/Desktop/SJSU-Dev-master/firmware/lib/L3_Utils/src/scheduler_task.o
                0x0000000000013afc                scheduler_task::init()
 .text._ZN14scheduler_task6regTlmEv
                0x0000000000013b00        0x4 obj//Users/kevin/Desktop/SJSU-Dev-master/firmware/lib/L3_Utils/src/scheduler_task.o
                0x0000000000013b00                scheduler_task::regTlm()
 .text._ZN14scheduler_task9taskEntryEv
                0x0000000000013b04        0x4 obj//Users/kevin/Desktop/SJSU-Dev-master/firmware/lib/L3_Utils/src/scheduler_task.o
                0x0000000000013b04                scheduler_task::taskEntry()
 .text.__sputc_r
                0x0000000000013b08       0x2c obj//Users/kevin/Desktop/SJSU-Dev-master/firmware/lib/L3_Utils/src/scheduler_task.o
 .text._ZL9dbg_printPKcS0_
                0x0000000000013b34       0x34 obj//Users/kevin/Desktop/SJSU-Dev-master/firmware/lib/L3_Utils/src/scheduler_task.o
 .text._ZL9printlinePKcS0_
                0x0000000000013b68       0x38 obj//Users/kevin/Desktop/SJSU-Dev-master/firmware/lib/L3_Utils/src/scheduler_task.o
 .text._Z24scheduler_c_task_privatePv
                0x0000000000013ba0      0x124 obj//Users/kevin/Desktop/SJSU-Dev-master/firmware/lib/L3_Utils/src/scheduler_task.o
                0x0000000000013ba0                scheduler_c_task_private(void*)
 .text._Z18scheduler_init_allb
                0x0000000000013cc4      0x1b0 obj//Users/kevin/Desktop/SJSU-Dev-master/firmware/lib/L3_Utils/src/scheduler_task.o
                0x0000000000013cc4                scheduler_init_all(bool)
 .text._Z18scheduler_add_taskP14scheduler_task
                0x0000000000013e74       0x1c obj//Users/kevin/Desktop/SJSU-Dev-master/firmware/lib/L3_Utils/src/scheduler_task.o
                0x0000000000013e74                scheduler_add_task(scheduler_task*)
 .text._Z15scheduler_startbb
                0x0000000000013e90       0x40 obj//Users/kevin/Desktop/SJSU-Dev-master/firmware/lib/L3_Utils/src/scheduler_task.o
                0x0000000000013e90                scheduler_start(bool, bool)
 .text._ZN14scheduler_taskC2EPKcmhPv
                0x0000000000013ed0       0x34 obj//Users/kevin/Desktop/SJSU-Dev-master/firmware/lib/L3_Utils/src/scheduler_task.o
                0x0000000000013ed0                scheduler_task::scheduler_task(char const*, unsigned long, unsigned char, void*)
                0x0000000000013ed0                scheduler_task::scheduler_task(char const*, unsigned long, unsigned char, void*)
 .text._ZN14scheduler_task15getSharedObjectEh
                0x0000000000013f04       0x18 obj//Users/kevin/Desktop/SJSU-Dev-master/firmware/lib/L3_Utils/src/scheduler_task.o
                0x0000000000013f04                scheduler_task::getSharedObject(unsigned char)
 .text._ZN3strC2EPci
                0x0000000000013f1c       0x28 obj//Users/kevin/Desktop/SJSU-Dev-master/firmware/lib/L3_Utils/src/str.o
                0x0000000000013f1c                str::str(char*, int)
                0x0000000000013f1c                str::str(char*, int)
 .text._ZN3strD2Ev
                0x0000000000013f44       0x26 obj//Users/kevin/Desktop/SJSU-Dev-master/firmware/lib/L3_Utils/src/str.o
                0x0000000000013f44                str::~str()
                0x0000000000013f44                str::~str()
 .text._ZNK3str6getLenEv
                0x0000000000013f6a        0x6 obj//Users/kevin/Desktop/SJSU-Dev-master/firmware/lib/L3_Utils/src/str.o
                0x0000000000013f6a                str::getLen() const
 .text._ZNK3str11getCapacityEv
                0x0000000000013f70        0x4 obj//Users/kevin/Desktop/SJSU-Dev-master/firmware/lib/L3_Utils/src/str.o
                0x0000000000013f70                str::getCapacity() const
 .text._ZN3str5clearEv
                0x0000000000013f74        0x8 obj//Users/kevin/Desktop/SJSU-Dev-master/firmware/lib/L3_Utils/src/str.o
                0x0000000000013f74                str::clear()
 .text._ZN3str5scanfEPKcz
                0x0000000000013f7c       0x1c obj//Users/kevin/Desktop/SJSU-Dev-master/firmware/lib/L3_Utils/src/str.o
                0x0000000000013f7c                str::scanf(char const*, ...)
 .text._ZN3str8tokenizeEPKciz
                0x0000000000013f98       0x4c obj//Users/kevin/Desktop/SJSU-Dev-master/firmware/lib/L3_Utils/src/str.o
                0x0000000000013f98                str::tokenize(char const*, int, ...)
 .text._ZNK3str9compareToEPKc
                0x0000000000013fe4       0x14 obj//Users/kevin/Desktop/SJSU-Dev-master/firmware/lib/L3_Utils/src/str.o
                0x0000000000013fe4                str::compareTo(char const*) const
 .text._ZNK3str19compareToIgnoreCaseEPKc
                0x0000000000013ff8       0x10 obj//Users/kevin/Desktop/SJSU-Dev-master/firmware/lib/L3_Utils/src/str.o
                0x0000000000013ff8                str::compareToIgnoreCase(char const*) const
 .text._ZNK3str22firstIndexOfIgnoreCaseEPKc
                0x0000000000014008       0x80 obj//Users/kevin/Desktop/SJSU-Dev-master/firmware/lib/L3_Utils/src/str.o
                0x0000000000014008                str::firstIndexOfIgnoreCase(char const*) const
 .text._ZNK3str18containsIgnoreCaseEPKc
                0x0000000000014088        0xe obj//Users/kevin/Desktop/SJSU-Dev-master/firmware/lib/L3_Utils/src/str.o
                0x0000000000014088                str::containsIgnoreCase(char const*) const
 .text._ZNK3str12firstIndexOfEPKc
                0x0000000000014096       0x16 obj//Users/kevin/Desktop/SJSU-Dev-master/firmware/lib/L3_Utils/src/str.o
                0x0000000000014096                str::firstIndexOf(char const*) const
 .text._ZNK3str10beginsWithEPKc
                0x00000000000140ac       0x2e obj//Users/kevin/Desktop/SJSU-Dev-master/firmware/lib/L3_Utils/src/str.o
                0x00000000000140ac                str::beginsWith(char const*) const
 .text._ZNK3str20beginsWithIgnoreCaseEPKc
                0x00000000000140da       0x2e obj//Users/kevin/Desktop/SJSU-Dev-master/firmware/lib/L3_Utils/src/str.o
                0x00000000000140da                str::beginsWithIgnoreCase(char const*) const
 .text._ZNK3str29beginsWithWholeWordIgnoreCaseEPKcc
                0x0000000000014108       0x38 obj//Users/kevin/Desktop/SJSU-Dev-master/firmware/lib/L3_Utils/src/str.o
                0x0000000000014108                str::beginsWithWholeWordIgnoreCase(char const*, char) const
 .text._ZN3str10eraseFirstEi
                0x0000000000014140       0x28 obj//Users/kevin/Desktop/SJSU-Dev-master/firmware/lib/L3_Utils/src/str.o
                0x0000000000014140                str::eraseFirst(int)
 .text._ZN3str9eraseLastEi
                0x0000000000014168       0x1e obj//Users/kevin/Desktop/SJSU-Dev-master/firmware/lib/L3_Utils/src/str.o
                0x0000000000014168                str::eraseLast(int)
 .text._ZN3str10eraseAfterEii
                0x0000000000014186       0x38 obj//Users/kevin/Desktop/SJSU-Dev-master/firmware/lib/L3_Utils/src/str.o
                0x0000000000014186                str::eraseAfter(int, int)
 .text._ZN3str5eraseEPKc
                0x00000000000141be       0x28 obj//Users/kevin/Desktop/SJSU-Dev-master/firmware/lib/L3_Utils/src/str.o
                0x00000000000141be                str::erase(char const*)
 .text._ZN3str15eraseFirstWordsEic
                0x00000000000141e6       0x2a obj//Users/kevin/Desktop/SJSU-Dev-master/firmware/lib/L3_Utils/src/str.o
                0x00000000000141e6                str::eraseFirstWords(int, char)
 .text._ZN3str9trimStartEPKc
                0x0000000000014210       0x40 obj//Users/kevin/Desktop/SJSU-Dev-master/firmware/lib/L3_Utils/src/str.o
                0x0000000000014210                str::trimStart(char const*)
 .text._ZN3str7trimEndEPKc
                0x0000000000014250       0x3a obj//Users/kevin/Desktop/SJSU-Dev-master/firmware/lib/L3_Utils/src/str.o
                0x0000000000014250                str::trimEnd(char const*)
 .text._ZNK3streqEPKc
                0x000000000001428a        0x4 obj//Users/kevin/Desktop/SJSU-Dev-master/firmware/lib/L3_Utils/src/str.o
                0x000000000001428a                str::operator==(char const*) const
 .text._ZNK3strclEv
                0x000000000001428e        0x4 obj//Users/kevin/Desktop/SJSU-Dev-master/firmware/lib/L3_Utils/src/str.o
                0x000000000001428e                str::operator()() const
 .text._ZNK3strcviEv
                0x0000000000014292        0x6 obj//Users/kevin/Desktop/SJSU-Dev-master/firmware/lib/L3_Utils/src/str.o
                0x0000000000014292                str::operator int() const
 .text._ZN3strixEi
                0x0000000000014298       0x14 obj//Users/kevin/Desktop/SJSU-Dev-master/firmware/lib/L3_Utils/src/str.o
                0x0000000000014298                str::operator[](int)
 .text._ZN3str13reAllocateMemEi
                0x00000000000142ac       0x4c obj//Users/kevin/Desktop/SJSU-Dev-master/firmware/lib/L3_Utils/src/str.o
                0x00000000000142ac                str::reAllocateMem(int)
 .text._ZN3str4initEi
                0x00000000000142f8       0x10 obj//Users/kevin/Desktop/SJSU-Dev-master/firmware/lib/L3_Utils/src/str.o
                0x00000000000142f8                str::init(int)
 .text._ZN3strC2Ei
                0x0000000000014308        0xc obj//Users/kevin/Desktop/SJSU-Dev-master/firmware/lib/L3_Utils/src/str.o
                0x0000000000014308                str::str(int)
                0x0000000000014308                str::str(int)
 .text._ZN3str7reserveEi
                0x0000000000014314        0xe obj//Users/kevin/Desktop/SJSU-Dev-master/firmware/lib/L3_Utils/src/str.o
                0x0000000000014314                str::reserve(int)
 .text._ZN3str6printfEPKcz
                0x0000000000014322       0x42 obj//Users/kevin/Desktop/SJSU-Dev-master/firmware/lib/L3_Utils/src/str.o
                0x0000000000014322                str::printf(char const*, ...)
 .text._ZN3str26ensureMemoryToInsertNCharsEi
                0x0000000000014364       0x22 obj//Users/kevin/Desktop/SJSU-Dev-master/firmware/lib/L3_Utils/src/str.o
                0x0000000000014364                str::ensureMemoryToInsertNChars(int)
 .text._ZN3str11insertAtEndEPKc
                0x0000000000014386       0x24 obj//Users/kevin/Desktop/SJSU-Dev-master/firmware/lib/L3_Utils/src/str.o
                0x0000000000014386                str::insertAtEnd(char const*)
 .text._ZN3strpLEc
                0x00000000000143aa       0x1a obj//Users/kevin/Desktop/SJSU-Dev-master/firmware/lib/L3_Utils/src/str.o
                0x00000000000143aa                str::operator+=(char)
 .text._ZN3str8copyFromEPKc
                0x00000000000143c4       0x3c obj//Users/kevin/Desktop/SJSU-Dev-master/firmware/lib/L3_Utils/src/str.o
                0x00000000000143c4                str::copyFrom(char const*)
 .text._ZN3straSEPKc
                0x0000000000014400        0x4 obj//Users/kevin/Desktop/SJSU-Dev-master/firmware/lib/L3_Utils/src/str.o
                0x0000000000014400                str::operator=(char const*)
 .text.delay_us
                0x0000000000014404       0x1c obj//Users/kevin/Desktop/SJSU-Dev-master/firmware/lib/L3_Utils/src/utilities.o
                0x0000000000014404                delay_us
 .text.is_freertos_running
                0x0000000000014420        0xe obj//Users/kevin/Desktop/SJSU-Dev-master/firmware/lib/L3_Utils/src/utilities.o
                0x0000000000014420                is_freertos_running
 .text.delay_ms
                0x000000000001442e       0x22 obj//Users/kevin/Desktop/SJSU-Dev-master/firmware/lib/L3_Utils/src/utilities.o
                0x000000000001442e                delay_ms
 .text.get_tlm_one_comp
                0x0000000000014450       0x52 obj//Users/kevin/Desktop/SJSU-Dev-master/firmware/lib/L3_Utils/tlm/src/c_tlm_binary.o
 .text.cmp_tlm_one_comp
                0x00000000000144a2       0x50 obj//Users/kevin/Desktop/SJSU-Dev-master/firmware/lib/L3_Utils/tlm/src/c_tlm_binary.o
 .text.tlm_binary_get_size_one
                0x00000000000144f2       0x16 obj//Users/kevin/Desktop/SJSU-Dev-master/firmware/lib/L3_Utils/tlm/src/c_tlm_binary.o
                0x00000000000144f2                tlm_binary_get_size_one
 .text.tlm_binary_get_one
                0x0000000000014508       0x1a obj//Users/kevin/Desktop/SJSU-Dev-master/firmware/lib/L3_Utils/tlm/src/c_tlm_binary.o
                0x0000000000014508                tlm_binary_get_one
 .text.tlm_binary_compare_one
                0x0000000000014522       0x1c obj//Users/kevin/Desktop/SJSU-Dev-master/firmware/lib/L3_Utils/tlm/src/c_tlm_binary.o
                0x0000000000014522                tlm_binary_compare_one
 .text.tlm_component_for_each_callback
                0x000000000001453e        0xe obj//Users/kevin/Desktop/SJSU-Dev-master/firmware/lib/L3_Utils/tlm/src/c_tlm_comp.o
 .text.tlm_component_find_by_name
                0x000000000001454c       0x10 obj//Users/kevin/Desktop/SJSU-Dev-master/firmware/lib/L3_Utils/tlm/src/c_tlm_comp.o
 .text.tlm_component_get_by_name
                0x000000000001455c       0x24 obj//Users/kevin/Desktop/SJSU-Dev-master/firmware/lib/L3_Utils/tlm/src/c_tlm_comp.o
                0x000000000001455c                tlm_component_get_by_name
 .text.tlm_component_add
                0x0000000000014580       0x6c obj//Users/kevin/Desktop/SJSU-Dev-master/firmware/lib/L3_Utils/tlm/src/c_tlm_comp.o
                0x0000000000014580                tlm_component_add
 .text.tlm_component_for_each
                0x00000000000145ec       0x24 obj//Users/kevin/Desktop/SJSU-Dev-master/firmware/lib/L3_Utils/tlm/src/c_tlm_comp.o
                0x00000000000145ec                tlm_component_for_each
 .text.tlm_stream_for_each_component_var
                0x0000000000014610       0xd0 obj//Users/kevin/Desktop/SJSU-Dev-master/firmware/lib/L3_Utils/tlm/src/c_tlm_stream.o
 .text.tlm_stream_file_ptr
                0x00000000000146e0       0x1a obj//Users/kevin/Desktop/SJSU-Dev-master/firmware/lib/L3_Utils/tlm/src/c_tlm_stream.o
 *fill*         0x00000000000146fa        0x2 ff
 .text.tlm_stream_one
                0x00000000000146fc       0x80 obj//Users/kevin/Desktop/SJSU-Dev-master/firmware/lib/L3_Utils/tlm/src/c_tlm_stream.o
                0x00000000000146fc                tlm_stream_one
 .text.tlm_stream_all_args
                0x000000000001477c        0xa obj//Users/kevin/Desktop/SJSU-Dev-master/firmware/lib/L3_Utils/tlm/src/c_tlm_stream.o
 *fill*         0x0000000000014786        0x2 ff
 .text.tlm_stream_all
                0x0000000000014788       0x1c obj//Users/kevin/Desktop/SJSU-Dev-master/firmware/lib/L3_Utils/tlm/src/c_tlm_stream.o
                0x0000000000014788                tlm_stream_all
 .text.tlm_stream_one_file
                0x00000000000147a4       0x14 obj//Users/kevin/Desktop/SJSU-Dev-master/firmware/lib/L3_Utils/tlm/src/c_tlm_stream.o
                0x00000000000147a4                tlm_stream_one_file
 .text.tlm_stream_decode_file
                0x00000000000147b8      0x1b8 obj//Users/kevin/Desktop/SJSU-Dev-master/firmware/lib/L3_Utils/tlm/src/c_tlm_stream.o
                0x00000000000147b8                tlm_stream_decode_file
 .text.tlm_variable_check_dup
                0x0000000000014970       0x1e obj//Users/kevin/Desktop/SJSU-Dev-master/firmware/lib/L3_Utils/tlm/src/c_tlm_var.o
 .text.tlm_component_find_callback
                0x000000000001498e       0x14 obj//Users/kevin/Desktop/SJSU-Dev-master/firmware/lib/L3_Utils/tlm/src/c_tlm_var.o
 *fill*         0x00000000000149a2        0x2 ff
 .text.tlm_variable_register
                0x00000000000149a4       0x7c obj//Users/kevin/Desktop/SJSU-Dev-master/firmware/lib/L3_Utils/tlm/src/c_tlm_var.o
                0x00000000000149a4                tlm_variable_register
 .text.tlm_variable_get_by_name
                0x0000000000014a20       0x28 obj//Users/kevin/Desktop/SJSU-Dev-master/firmware/lib/L3_Utils/tlm/src/c_tlm_var.o
                0x0000000000014a20                tlm_variable_get_by_name
 .text.tlm_variable_get_by_comp_and_name
                0x0000000000014a48       0x30 obj//Users/kevin/Desktop/SJSU-Dev-master/firmware/lib/L3_Utils/tlm/src/c_tlm_var.o
                0x0000000000014a48                tlm_variable_get_by_comp_and_name
 .text.tlm_variable_set_value
                0x0000000000014a78      0x1ec obj//Users/kevin/Desktop/SJSU-Dev-master/firmware/lib/L3_Utils/tlm/src/c_tlm_var.o
                0x0000000000014a78                tlm_variable_set_value
 .text.tlm_variable_print_value
                0x0000000000014c64      0x410 obj//Users/kevin/Desktop/SJSU-Dev-master/firmware/lib/L3_Utils/tlm/src/c_tlm_var.o
                0x0000000000014c64                tlm_variable_print_value
 .text.tlm_variable_get_value
                0x0000000000015074       0x1a obj//Users/kevin/Desktop/SJSU-Dev-master/firmware/lib/L3_Utils/tlm/src/c_tlm_var.o
                0x0000000000015074                tlm_variable_get_value
 .text.disk_initialize
                0x000000000001508e       0x26 obj//Users/kevin/Desktop/SJSU-Dev-master/firmware/lib/L4_IO/fat/disk/diskio.o
                0x000000000001508e                disk_initialize
 .text.disk_status
                0x00000000000150b4       0x10 obj//Users/kevin/Desktop/SJSU-Dev-master/firmware/lib/L4_IO/fat/disk/diskio.o
                0x00000000000150b4                disk_status
 .text.disk_read
                0x00000000000150c4       0x38 obj//Users/kevin/Desktop/SJSU-Dev-master/firmware/lib/L4_IO/fat/disk/diskio.o
                0x00000000000150c4                disk_read
 .text.disk_write
                0x00000000000150fc       0x38 obj//Users/kevin/Desktop/SJSU-Dev-master/firmware/lib/L4_IO/fat/disk/diskio.o
                0x00000000000150fc                disk_write
 .text.disk_ioctl
                0x0000000000015134       0x32 obj//Users/kevin/Desktop/SJSU-Dev-master/firmware/lib/L4_IO/fat/disk/diskio.o
                0x0000000000015134                disk_ioctl
 .text.sys_get_uptime_ms
                0x0000000000015166       0x12 obj//Users/kevin/Desktop/SJSU-Dev-master/firmware/lib/L4_IO/fat/disk/sd.o
 .text.ssp1_set_max_clock
                0x0000000000015178       0x30 obj//Users/kevin/Desktop/SJSU-Dev-master/firmware/lib/L4_IO/fat/disk/sd.o
 .text.ssp1_exchange_byte
                0x00000000000151a8       0x14 obj//Users/kevin/Desktop/SJSU-Dev-master/firmware/lib/L4_IO/fat/disk/sd.o
 .text.wait_ready
                0x00000000000151bc       0x2e obj//Users/kevin/Desktop/SJSU-Dev-master/firmware/lib/L4_IO/fat/disk/sd.o
                0x00000000000151bc                wait_ready
 *fill*         0x00000000000151ea        0x2 ff
 .text.power_off
                0x00000000000151ec       0x24 obj//Users/kevin/Desktop/SJSU-Dev-master/firmware/lib/L4_IO/fat/disk/sd.o
                0x00000000000151ec                power_off
 .text.rcvr_datablock
                0x0000000000015210       0x8c obj//Users/kevin/Desktop/SJSU-Dev-master/firmware/lib/L4_IO/fat/disk/sd.o
                0x0000000000015210                rcvr_datablock
 .text.xmit_datablock
                0x000000000001529c       0x4c obj//Users/kevin/Desktop/SJSU-Dev-master/firmware/lib/L4_IO/fat/disk/sd.o
                0x000000000001529c                xmit_datablock
 .text.send_cmd
                0x00000000000152e8       0x8c obj//Users/kevin/Desktop/SJSU-Dev-master/firmware/lib/L4_IO/fat/disk/sd.o
                0x00000000000152e8                send_cmd
 .text.sd_update_card_status
                0x0000000000015374       0x24 obj//Users/kevin/Desktop/SJSU-Dev-master/firmware/lib/L4_IO/fat/disk/sd.o
                0x0000000000015374                sd_update_card_status
 .text.sd_initialize
                0x0000000000015398      0x16c obj//Users/kevin/Desktop/SJSU-Dev-master/firmware/lib/L4_IO/fat/disk/sd.o
                0x0000000000015398                sd_initialize
 .text.sd_status
                0x0000000000015504       0x10 obj//Users/kevin/Desktop/SJSU-Dev-master/firmware/lib/L4_IO/fat/disk/sd.o
                0x0000000000015504                sd_status
 .text.sd_read  0x0000000000015514       0x98 obj//Users/kevin/Desktop/SJSU-Dev-master/firmware/lib/L4_IO/fat/disk/sd.o
                0x0000000000015514                sd_read
 .text.sd_write
                0x00000000000155ac       0xb4 obj//Users/kevin/Desktop/SJSU-Dev-master/firmware/lib/L4_IO/fat/disk/sd.o
                0x00000000000155ac                sd_write
 .text.sd_ioctl
                0x0000000000015660      0x21c obj//Users/kevin/Desktop/SJSU-Dev-master/firmware/lib/L4_IO/fat/disk/sd.o
                0x0000000000015660                sd_ioctl
 .text._ZL24flash_get_mem_size_bytesv
                0x000000000001587c       0x20 obj//Users/kevin/Desktop/SJSU-Dev-master/firmware/lib/L4_IO/fat/disk/spi_flash.o
 .text._ZL37flash_perform_page_io_of_fatfs_sectorPFvPhmmES_m
                0x000000000001589c       0x74 obj//Users/kevin/Desktop/SJSU-Dev-master/firmware/lib/L4_IO/fat/disk/spi_flash.o
 .text.ssp1_exchange_data
                0x0000000000015910       0xac obj//Users/kevin/Desktop/SJSU-Dev-master/firmware/lib/L4_IO/fat/disk/spi_flash.o
 .text._ZL18flash_send_op_addr14flash_opcode_tm
                0x00000000000159bc       0x26 obj//Users/kevin/Desktop/SJSU-Dev-master/firmware/lib/L4_IO/fat/disk/spi_flash.o
 *fill*         0x00000000000159e2        0x2 ff
 .text._ZL15flash_read_pagePhmm
                0x00000000000159e4       0x44 obj//Users/kevin/Desktop/SJSU-Dev-master/firmware/lib/L4_IO/fat/disk/spi_flash.o
 .text._ZL20flash_wait_for_readyv
                0x0000000000015a28       0x40 obj//Users/kevin/Desktop/SJSU-Dev-master/firmware/lib/L4_IO/fat/disk/spi_flash.o
 .text.flash_initialize
                0x0000000000015a68       0x98 obj//Users/kevin/Desktop/SJSU-Dev-master/firmware/lib/L4_IO/fat/disk/spi_flash.o
                0x0000000000015a68                flash_initialize
 .text.flash_read_sectors
                0x0000000000015b00       0x50 obj//Users/kevin/Desktop/SJSU-Dev-master/firmware/lib/L4_IO/fat/disk/spi_flash.o
                0x0000000000015b00                flash_read_sectors
 .text.flash_write_sectors
                0x0000000000015b50       0x4c obj//Users/kevin/Desktop/SJSU-Dev-master/firmware/lib/L4_IO/fat/disk/spi_flash.o
                0x0000000000015b50                flash_write_sectors
 .text.flash_ioctl
                0x0000000000015b9c       0x36 obj//Users/kevin/Desktop/SJSU-Dev-master/firmware/lib/L4_IO/fat/disk/spi_flash.o
                0x0000000000015b9c                flash_ioctl
 *fill*         0x0000000000015bd2        0x2 ff
 .text.flash_write_permanent_id
                0x0000000000015bd4       0x44 obj//Users/kevin/Desktop/SJSU-Dev-master/firmware/lib/L4_IO/fat/disk/spi_flash.o
                0x0000000000015bd4                flash_write_permanent_id
 .text.flash_read_permanent_id
                0x0000000000015c18       0x28 obj//Users/kevin/Desktop/SJSU-Dev-master/firmware/lib/L4_IO/fat/disk/spi_flash.o
                0x0000000000015c18                flash_read_permanent_id
 .text.flash_get_page_count
                0x0000000000015c40       0x20 obj//Users/kevin/Desktop/SJSU-Dev-master/firmware/lib/L4_IO/fat/disk/spi_flash.o
                0x0000000000015c40                flash_get_page_count
 .text.flash_get_page_size
                0x0000000000015c60        0xc obj//Users/kevin/Desktop/SJSU-Dev-master/firmware/lib/L4_IO/fat/disk/spi_flash.o
                0x0000000000015c60                flash_get_page_size
 .text.flash_supports_metadata
                0x0000000000015c6c       0x10 obj//Users/kevin/Desktop/SJSU-Dev-master/firmware/lib/L4_IO/fat/disk/spi_flash.o
                0x0000000000015c6c                flash_supports_metadata
 .text._ZL16flash_write_pagePhmm
                0x0000000000015c7c       0x8c obj//Users/kevin/Desktop/SJSU-Dev-master/firmware/lib/L4_IO/fat/disk/spi_flash.o
 .text.flash_get_page_write_count
                0x0000000000015d08       0x54 obj//Users/kevin/Desktop/SJSU-Dev-master/firmware/lib/L4_IO/fat/disk/spi_flash.o
                0x0000000000015d08                flash_get_page_write_count
 .text.flash_chip_erase
                0x0000000000015d5c       0x2c obj//Users/kevin/Desktop/SJSU-Dev-master/firmware/lib/L4_IO/fat/disk/spi_flash.o
                0x0000000000015d5c                flash_chip_erase
 .text.get_fattime
                0x0000000000015d88       0x52 obj//Users/kevin/Desktop/SJSU-Dev-master/firmware/lib/L4_IO/fat/fatfs_time.o
                0x0000000000015d88                get_fattime
 .text.mem_cpy  0x0000000000015dda       0x38 obj//Users/kevin/Desktop/SJSU-Dev-master/firmware/lib/L4_IO/fat/ff.o
 .text.mem_set  0x0000000000015e12        0xe obj//Users/kevin/Desktop/SJSU-Dev-master/firmware/lib/L4_IO/fat/ff.o
 .text.sum_sfn  0x0000000000015e20       0x1e obj//Users/kevin/Desktop/SJSU-Dev-master/firmware/lib/L4_IO/fat/ff.o
 .text.get_ldnumber
                0x0000000000015e3e       0x3a obj//Users/kevin/Desktop/SJSU-Dev-master/firmware/lib/L4_IO/fat/ff.o
 .text.get_fileinfo
                0x0000000000015e78       0xc4 obj//Users/kevin/Desktop/SJSU-Dev-master/firmware/lib/L4_IO/fat/ff.o
 .text.sync_window.part.1
                0x0000000000015f3c       0x46 obj//Users/kevin/Desktop/SJSU-Dev-master/firmware/lib/L4_IO/fat/ff.o
 .text.sync_window
                0x0000000000015f82        0xc obj//Users/kevin/Desktop/SJSU-Dev-master/firmware/lib/L4_IO/fat/ff.o
 *fill*         0x0000000000015f8e        0x2 ff
 .text.sync_fs  0x0000000000015f90       0x74 obj//Users/kevin/Desktop/SJSU-Dev-master/firmware/lib/L4_IO/fat/ff.o
 .text.move_window
                0x0000000000016004       0x34 obj//Users/kevin/Desktop/SJSU-Dev-master/firmware/lib/L4_IO/fat/ff.o
 .text.check_fs
                0x0000000000016038       0x4c obj//Users/kevin/Desktop/SJSU-Dev-master/firmware/lib/L4_IO/fat/ff.o
 .text.find_volume
                0x0000000000016084      0x21c obj//Users/kevin/Desktop/SJSU-Dev-master/firmware/lib/L4_IO/fat/ff.o
 .text.validate
                0x00000000000162a0       0x3a obj//Users/kevin/Desktop/SJSU-Dev-master/firmware/lib/L4_IO/fat/ff.o
 .text.unlock_fs
                0x00000000000162da       0x1a obj//Users/kevin/Desktop/SJSU-Dev-master/firmware/lib/L4_IO/fat/ff.o
 .text.clust2sect
                0x00000000000162f4       0x16 obj//Users/kevin/Desktop/SJSU-Dev-master/firmware/lib/L4_IO/fat/ff.o
                0x00000000000162f4                clust2sect
 .text.get_fat  0x000000000001630a       0xa6 obj//Users/kevin/Desktop/SJSU-Dev-master/firmware/lib/L4_IO/fat/ff.o
                0x000000000001630a                get_fat
 .text.dir_sdi  0x00000000000163b0       0x80 obj//Users/kevin/Desktop/SJSU-Dev-master/firmware/lib/L4_IO/fat/ff.o
 .text.put_fat  0x0000000000016430       0xd2 obj//Users/kevin/Desktop/SJSU-Dev-master/firmware/lib/L4_IO/fat/ff.o
                0x0000000000016430                put_fat
 .text.create_chain
                0x0000000000016502       0xa0 obj//Users/kevin/Desktop/SJSU-Dev-master/firmware/lib/L4_IO/fat/ff.o
 .text.dir_next
                0x00000000000165a2       0xec obj//Users/kevin/Desktop/SJSU-Dev-master/firmware/lib/L4_IO/fat/ff.o
 *fill*         0x000000000001668e        0x2 ff
 .text.dir_find.part.9
                0x0000000000016690      0x120 obj//Users/kevin/Desktop/SJSU-Dev-master/firmware/lib/L4_IO/fat/ff.o
 .text.follow_path
                0x00000000000167b0      0x270 obj//Users/kevin/Desktop/SJSU-Dev-master/firmware/lib/L4_IO/fat/ff.o
 .text.dir_register
                0x0000000000016a20      0x238 obj//Users/kevin/Desktop/SJSU-Dev-master/firmware/lib/L4_IO/fat/ff.o
 .text.dir_remove
                0x0000000000016c58       0x5a obj//Users/kevin/Desktop/SJSU-Dev-master/firmware/lib/L4_IO/fat/ff.o
 *fill*         0x0000000000016cb2        0x2 ff
 .text.dir_read.constprop.11
                0x0000000000016cb4       0xe8 obj//Users/kevin/Desktop/SJSU-Dev-master/firmware/lib/L4_IO/fat/ff.o
 .text.remove_chain
                0x0000000000016d9c       0x58 obj//Users/kevin/Desktop/SJSU-Dev-master/firmware/lib/L4_IO/fat/ff.o
 .text.f_mount  0x0000000000016df4       0x7c obj//Users/kevin/Desktop/SJSU-Dev-master/firmware/lib/L4_IO/fat/ff.o
                0x0000000000016df4                f_mount
 .text.f_open   0x0000000000016e70      0x12e obj//Users/kevin/Desktop/SJSU-Dev-master/firmware/lib/L4_IO/fat/ff.o
                0x0000000000016e70                f_open
 .text.f_read   0x0000000000016f9e      0x170 obj//Users/kevin/Desktop/SJSU-Dev-master/firmware/lib/L4_IO/fat/ff.o
                0x0000000000016f9e                f_read
 .text.f_write  0x000000000001710e      0x1ac obj//Users/kevin/Desktop/SJSU-Dev-master/firmware/lib/L4_IO/fat/ff.o
                0x000000000001710e                f_write
 .text.f_sync   0x00000000000172ba       0x8a obj//Users/kevin/Desktop/SJSU-Dev-master/firmware/lib/L4_IO/fat/ff.o
                0x00000000000172ba                f_sync
 .text.f_close  0x0000000000017344       0x24 obj//Users/kevin/Desktop/SJSU-Dev-master/firmware/lib/L4_IO/fat/ff.o
                0x0000000000017344                f_close
 .text.f_lseek  0x0000000000017368      0x14e obj//Users/kevin/Desktop/SJSU-Dev-master/firmware/lib/L4_IO/fat/ff.o
                0x0000000000017368                f_lseek
 .text.f_opendir
                0x00000000000174b6       0x86 obj//Users/kevin/Desktop/SJSU-Dev-master/firmware/lib/L4_IO/fat/ff.o
                0x00000000000174b6                f_opendir
 .text.f_readdir
                0x000000000001753c       0x5e obj//Users/kevin/Desktop/SJSU-Dev-master/firmware/lib/L4_IO/fat/ff.o
                0x000000000001753c                f_readdir
 .text.f_getfree
                0x000000000001759a       0xc8 obj//Users/kevin/Desktop/SJSU-Dev-master/firmware/lib/L4_IO/fat/ff.o
                0x000000000001759a                f_getfree
 .text.f_unlink
                0x0000000000017662       0xbe obj//Users/kevin/Desktop/SJSU-Dev-master/firmware/lib/L4_IO/fat/ff.o
                0x0000000000017662                f_unlink
 .text.f_mkdir  0x0000000000017720      0x152 obj//Users/kevin/Desktop/SJSU-Dev-master/firmware/lib/L4_IO/fat/ff.o
                0x0000000000017720                f_mkdir
 .text.f_rename
                0x0000000000017872      0x11e obj//Users/kevin/Desktop/SJSU-Dev-master/firmware/lib/L4_IO/fat/ff.o
                0x0000000000017872                f_rename
 .text.f_mkfs   0x0000000000017990      0x4f4 obj//Users/kevin/Desktop/SJSU-Dev-master/firmware/lib/L4_IO/fat/ff.o
                0x0000000000017990                f_mkfs
 .text.ff_convert
                0x0000000000017e84       0x3c obj//Users/kevin/Desktop/SJSU-Dev-master/firmware/lib/L4_IO/fat/option/ccsbcs.o
                0x0000000000017e84                ff_convert
 .text.ff_wtoupper
                0x0000000000017ec0       0x24 obj//Users/kevin/Desktop/SJSU-Dev-master/firmware/lib/L4_IO/fat/option/ccsbcs.o
                0x0000000000017ec0                ff_wtoupper
 .text.ff_cre_syncobj
                0x0000000000017ee4       0x14 obj//Users/kevin/Desktop/SJSU-Dev-master/firmware/lib/L4_IO/fat/option/reentrant.o
                0x0000000000017ee4                ff_cre_syncobj
 .text.ff_del_syncobj
                0x0000000000017ef8        0x4 obj//Users/kevin/Desktop/SJSU-Dev-master/firmware/lib/L4_IO/fat/option/reentrant.o
                0x0000000000017ef8                ff_del_syncobj
 .text.ff_req_grant
                0x0000000000017efc       0x26 obj//Users/kevin/Desktop/SJSU-Dev-master/firmware/lib/L4_IO/fat/option/reentrant.o
                0x0000000000017efc                ff_req_grant
 .text.ff_rel_grant
                0x0000000000017f22       0x1e obj//Users/kevin/Desktop/SJSU-Dev-master/firmware/lib/L4_IO/fat/option/reentrant.o
                0x0000000000017f22                ff_rel_grant
 .text._ZN11i2c2_device8writeRegEhh
                0x0000000000017f40        0xc obj//Users/kevin/Desktop/SJSU-Dev-master/firmware/lib/L4_IO/src/io_source.o
                0x0000000000017f40                i2c2_device::writeReg(unsigned char, unsigned char)
 .text._ZN11i2c2_device16get16BitRegisterEh
                0x0000000000017f4c       0x2a obj//Users/kevin/Desktop/SJSU-Dev-master/firmware/lib/L4_IO/src/io_source.o
                0x0000000000017f4c                i2c2_device::get16BitRegister(unsigned char)
 .text._ZN19Acceleration_Sensor4initEv
                0x0000000000017f76       0x20 obj//Users/kevin/Desktop/SJSU-Dev-master/firmware/lib/L4_IO/src/io_source.o
                0x0000000000017f76                Acceleration_Sensor::init()
 *fill*         0x0000000000017f96        0x2 ff
 .text._ZN9IR_Sensor11storeIrCodeEm
                0x0000000000017f98       0x1c obj//Users/kevin/Desktop/SJSU-Dev-master/firmware/lib/L4_IO/src/io_source.o
                0x0000000000017f98                IR_Sensor::storeIrCode(unsigned long)
 .text._ZN9IR_Sensor12decodeIrCodeEv
                0x0000000000017fb4       0x64 obj//Users/kevin/Desktop/SJSU-Dev-master/firmware/lib/L4_IO/src/io_source.o
                0x0000000000017fb4                IR_Sensor::decodeIrCode()
 .text._ZN9IR_Sensor4initEv
                0x0000000000018018       0x34 obj//Users/kevin/Desktop/SJSU-Dev-master/firmware/lib/L4_IO/src/io_source.o
                0x0000000000018018                IR_Sensor::init()
 .text._ZN11LED_Display12setLeftDigitEc
                0x000000000001804c       0x18 obj//Users/kevin/Desktop/SJSU-Dev-master/firmware/lib/L4_IO/src/io_source.o
                0x000000000001804c                LED_Display::setLeftDigit(char)
 .text._ZN11LED_Display13setRightDigitEc
                0x0000000000018064       0x18 obj//Users/kevin/Desktop/SJSU-Dev-master/firmware/lib/L4_IO/src/io_source.o
                0x0000000000018064                LED_Display::setRightDigit(char)
 .text._ZN11LED_Display4initEv
                0x000000000001807c       0x38 obj//Users/kevin/Desktop/SJSU-Dev-master/firmware/lib/L4_IO/src/io_source.o
                0x000000000001807c                LED_Display::init()
 .text._ZN11LED_Display9setNumberEc
                0x00000000000180b4       0x3a obj//Users/kevin/Desktop/SJSU-Dev-master/firmware/lib/L4_IO/src/io_source.o
                0x00000000000180b4                LED_Display::setNumber(char)
 .text._ZN3LED4initEv
                0x00000000000180ee        0x4 obj//Users/kevin/Desktop/SJSU-Dev-master/firmware/lib/L4_IO/src/io_source.o
                0x00000000000180ee                LED::init()
 *fill*         0x00000000000180f2        0x2 ff
 .text._ZN3LED6setAllEh
                0x00000000000180f4       0x50 obj//Users/kevin/Desktop/SJSU-Dev-master/firmware/lib/L4_IO/src/io_source.o
                0x00000000000180f4                LED::setAll(unsigned char)
 .text._ZN12Light_Sensor4initEv
                0x0000000000018144        0x4 obj//Users/kevin/Desktop/SJSU-Dev-master/firmware/lib/L4_IO/src/io_source.o
                0x0000000000018144                Light_Sensor::init()
 .text._ZN12Light_Sensor11getRawValueEv
                0x0000000000018148        0x6 obj//Users/kevin/Desktop/SJSU-Dev-master/firmware/lib/L4_IO/src/io_source.o
                0x0000000000018148                Light_Sensor::getRawValue()
 .text._ZN8Switches4initEv
                0x000000000001814e        0x4 obj//Users/kevin/Desktop/SJSU-Dev-master/firmware/lib/L4_IO/src/io_source.o
                0x000000000001814e                Switches::init()
 *fill*         0x0000000000018152        0x2 ff
 .text._ZN8Switches15getSwitchValuesEv
                0x0000000000018154       0x18 obj//Users/kevin/Desktop/SJSU-Dev-master/firmware/lib/L4_IO/src/io_source.o
                0x0000000000018154                Switches::getSwitchValues()
 .text._ZN8I2C_Temp4initEv
                0x000000000001816c       0x22 obj//Users/kevin/Desktop/SJSU-Dev-master/firmware/lib/L4_IO/src/io_source.o
                0x000000000001816c                I2C_Temp::init()
 .text._ZN8I2C_Temp10getCelsiusEv
                0x000000000001818e       0x30 obj//Users/kevin/Desktop/SJSU-Dev-master/firmware/lib/L4_IO/src/io_source.o
                0x000000000001818e                I2C_Temp::getCelsius()
 *fill*         0x00000000000181be        0x2 ff
 .text._ZN8I2C_Temp12getFarenheitEv
                0x00000000000181c0       0x24 obj//Users/kevin/Desktop/SJSU-Dev-master/firmware/lib/L4_IO/src/io_source.o
                0x00000000000181c0                I2C_Temp::getFarenheit()
 .text._ZN7Storage4copyEPKcS1_PjS2_S2_
                0x00000000000181e4       0xf0 obj//Users/kevin/Desktop/SJSU-Dev-master/firmware/lib/L4_IO/src/storage.o
                0x00000000000181e4                Storage::copy(char const*, char const*, unsigned int*, unsigned int*, unsigned int*)
 .text._ZN7Storage4readEPKcPvjj
                0x00000000000182d4       0x44 obj//Users/kevin/Desktop/SJSU-Dev-master/firmware/lib/L4_IO/src/storage.o
                0x00000000000182d4                Storage::read(char const*, void*, unsigned int, unsigned int)
 .text._ZN7Storage5writeEPKcPvjj
                0x0000000000018318       0x44 obj//Users/kevin/Desktop/SJSU-Dev-master/firmware/lib/L4_IO/src/storage.o
                0x0000000000018318                Storage::write(char const*, void*, unsigned int, unsigned int)
 .text._ZN7Storage6appendEPKcPKvjj
                0x000000000001835c       0x48 obj//Users/kevin/Desktop/SJSU-Dev-master/firmware/lib/L4_IO/src/storage.o
                0x000000000001835c                Storage::append(char const*, void const*, unsigned int, unsigned int)
 .text.mesh_incr_soft_timers_for_arr
                0x00000000000183a4       0x26 obj//Users/kevin/Desktop/SJSU-Dev-master/firmware/lib/L4_IO/wireless/src/mesh.o
 *fill*         0x00000000000183ca        0x2 ff
 .text.mesh_update_soft_timers